Removed unused sections:
Wind River DLD V5.9.4.8		Wed Dec 07 18:22:57 2022

Command line:
c:\WindRiver\diab\5.9.4.8\WIN32\bin\dld.exe -tP1011EH:simple -m6
-Xbranch-islands -Xcheck-input-patterns=2 -Xcheck-overlapping -Xelf
-Xrescan-libraries -Xrescan-restart -Xunused-sections-list
-Xremove-unused-sections
../../BOOT_gen/RAMBOOT/RAMBOOT_Common/lib/RAMBOOT_Common.a
../../BOOT_gen/RAMBOOT/RAMBOOT_CopyAndBootBoot_CBB/lib/RAMBOOT_CopyAndBootBoot_CBB.a
../../BOOT_gen/RAMBOOT/RAMBOOT_TestAndConfigureBasicHW_TCBHW/lib/RAMBOOT_TestAndConfigureBasicHW_TCBHW.a
../../BOOT_gen/RAMBOOT/RAMBOOT_TestSelfIntegrity_TSI/lib/RAMBOOT_TestSelfIntegrity_TSI.a
../../LIBBSP_gen/LIBBSP_CMN/lib/LIBBSP_CMN.a
../../LIBBSP_gen/LIBBSP_FNOR/lib/LIBBSP_FNOR.a
../../LIBBSP_gen/LIBBSP_GPIO/lib/LIBBSP_GPIO.a
../../LIBBSP_gen/LIBBSP_PLDCMP/lib/LIBBSP_PLDCMP.a
../../LIBBSP_gen/LIBBSP_SHM/lib/LIBBSP_SHM.a
../../LIBBSP_gen/LIBBSP_SPI/lib/LIBBSP_SPI.a
../../LIBUTI_gen/SHA/lib/SHA.a ../../LIBUTI_gen/MEM/lib/MEM.a
../../LIBUTI_gen/COMMON/lib/COMMON.a
-o../../BOOT_gen/RAMBOOT/RAMBOOT.elf RAMBOOT.dld

Output file name   : ../../BOOT_gen/RAMBOOT/RAMBOOT.elf
Output file format : ELF
Target machine type: PPC

		Link Editor Memory Map


output		input		virtual
section		section		address		size	 file

.intvec         		20010000	00000008
		.VectorTable    20010000	00000008 ../../BOOT_gen/RAMBOOT/RAMBOOT_Common/lib/RAMBOOT_Common.a[RAMBOOT_VectorTable.o]
		   IVOR_Handler 20010000	00000000


.text           		20010010	00000010
		.Reset          20010010	00000010 ../../BOOT_gen/RAMBOOT/RAMBOOT_Common/lib/RAMBOOT_Common.a[RAMBOOT_VectorTable.o]
		     VECT_Reset 20010010	00000000


.text           		20010020	00001e44
		.text           20010020	00000000 ../../BOOT_gen/RAMBOOT/RAMBOOT_Common/lib/RAMBOOT_Common.a[RAMBOOT_VectorTable.o]

		.text           20010020	00000000 ../../BOOT_gen/RAMBOOT/RAMBOOT_Common/lib/RAMBOOT_Common.a[RAMBOOT_PostTCBHW_Main.o]

		.text           20010020	00000024 ../../BOOT_gen/RAMBOOT/RAMBOOT_Common/lib/RAMBOOT_Common.a[RAMBOOT_PostTCBHW_Main.o]
	 RAMBOOT_PostTCBHW_Main 20010020	00000024

		.text           20010044	00000000 ../../BOOT_gen/RAMBOOT/RAMBOOT_Common/lib/RAMBOOT_Common.a[RAMBOOT_FailMode.o]

		.text           20010044	00000064 ../../BOOT_gen/RAMBOOT/RAMBOOT_Common/lib/RAMBOOT_Common.a[RAMBOOT_FailMode.o]
	       RAMBOOT_FailMode 20010044	00000064

		.text           200100a8	00000000 ../../BOOT_gen/RAMBOOT/RAMBOOT_Common/lib/RAMBOOT_Common.a[RAMBOOT_ConfigureELBC.o]

		.text           200100a8	000000a4 ../../BOOT_gen/RAMBOOT/RAMBOOT_Common/lib/RAMBOOT_Common.a[RAMBOOT_ConfigureELBC.o]
	  RAMBOOT_ConfigureELBC 200100a8	000000a4

		.text           2001014c	00000000 ../../BOOT_gen/RAMBOOT/RAMBOOT_CopyAndBootBoot_CBB/lib/RAMBOOT_CopyAndBootBoot_CBB.a[RAMBOOT_CopyAndBootBoot.o]

		.text           2001014c	000000f0 ../../BOOT_gen/RAMBOOT/RAMBOOT_CopyAndBootBoot_CBB/lib/RAMBOOT_CopyAndBootBoot_CBB.a[RAMBOOT_CopyAndBootBoot.o]
	RAMBOOT_CopyAndBootBoot 2001014c	000000f0

		.text           2001023c	00000000 ../../BOOT_gen/RAMBOOT/RAMBOOT_Common/lib/RAMBOOT_Common.a[RAMBOOT_JumpToAddress.o]

		.text           2001023c	00000014 ../../BOOT_gen/RAMBOOT/RAMBOOT_Common/lib/RAMBOOT_Common.a[RAMBOOT_JumpToAddress.o]
	  RAMBOOT_JumpToAddress 2001023c	00000014

		.text           20010250	00000000 ../../BOOT_gen/RAMBOOT/RAMBOOT_Common/lib/RAMBOOT_Common.a[RAMBOOT_RamBootEndMarker.o]

		.text           20010250	00000720 ../../BOOT_gen/RAMBOOT/RAMBOOT_TestAndConfigureBasicHW_TCBHW/lib/RAMBOOT_TestAndConfigureBasicHW_TCBHW.a[RAMBOOT_TestAndConfigureBasicHW.o]
RAMBOOT_TCBHW_GPRs_FailureHandler 20010250	00000000
RAMBOOT_TCBHW_ALU_FailureHandler 20010254	00000000
     RAMBOOT_TCBHW_InfiniteLoop 20010258	00000000
RAMBOOT_TestAndConfigureBasicHW 2001025c	00000000
		     ALU_Test01 20010574	00000000
		     ALU_Test02 20010580	00000000
		     ALU_Test03 2001058c	00000000
		     ALU_Test04 20010598	00000000
		     ALU_Test05 200105a4	00000000
		     ALU_Test06 200105b0	00000000
		     ALU_Test07 200105bc	00000000
		     ALU_Test08 200105c8	00000000
		     ALU_Test09 200105d4	00000000
		     ALU_Test10 200105e0	00000000
		     ALU_Test11 200105ec	00000000
		     ALU_Test12 200105f8	00000000
		     ALU_Test13 20010604	00000000
		     ALU_Test14 20010610	00000000
		     ALU_Test15 2001061c	00000000
		     ALU_Test16 20010628	00000000
		     ALU_Test17 20010634	00000000
		     ALU_Test18 20010640	00000000
		     ALU_Test19 2001064c	00000000
		     ALU_Test20 20010658	00000000
		     ALU_Test21 20010664	00000000
		     ALU_Test22 20010670	00000000
		     ALU_Test23 2001067c	00000000
		     ALU_Test24 20010688	00000000
		     ALU_Test25 20010694	00000000
		     ALU_Test26 200106a0	00000000
		     ALU_Test27 200106ac	00000000
		     ALU_Test28 200106b8	00000000
		     ALU_Test29 200106c4	00000000
		     ALU_Test30 200106d0	00000000
		     ALU_Test31 200106dc	00000000
		     ALU_Test32 200106e8	00000000
		     ALU_Test33 200106f4	00000000
		     ALU_Test34 20010700	00000000
		     ALU_Test35 2001070c	00000000
		     ALU_Test36 20010718	00000000
		     ALU_Test37 20010724	00000000
		     ALU_Test38 20010730	00000000
		     ALU_Test39 2001073c	00000000
		     ALU_Test40 20010748	00000000
		     ALU_Test41 20010754	00000000
		     ALU_Test42 20010760	00000000
		     ALU_Test43 2001076c	00000000
		     ALU_Test44 20010778	00000000
		     ALU_Test45 20010784	00000000
		     ALU_Test46 20010790	00000000
		     ALU_Test47 2001079c	00000000
		     ALU_Test48 200107a8	00000000
		     ALU_Test49 200107b4	00000000
		     ALU_Test50 200107c8	00000000
		     ALU_Test51 200107d4	00000000
		     ALU_Test52 200107dc	00000000
		     ALU_Test53 200107e8	00000000
		     ALU_Test54 200107f0	00000000
		     ALU_Test55 200107fc	00000000
		     ALU_Test56 20010804	00000000
		     ALU_Test57 20010810	00000000
		     ALU_Test58 20010818	00000000
		     ALU_Test59 20010824	00000000
		     ALU_Test60 2001082c	00000000
		     ALU_Test61 20010838	00000000
		CINV_start.0007 20010910	00000000
		 CINV_loop.0007 20010924	00000000

		.text           20010970	00000000 ../../BOOT_gen/RAMBOOT/RAMBOOT_TestSelfIntegrity_TSI/lib/RAMBOOT_TestSelfIntegrity_TSI.a[RAMBOOT_TestSelfIntegrity.o]

		.text           20010970	00000074 ../../BOOT_gen/RAMBOOT/RAMBOOT_TestSelfIntegrity_TSI/lib/RAMBOOT_TestSelfIntegrity_TSI.a[RAMBOOT_TestSelfIntegrity.o]
      RAMBOOT_TestSelfIntegrity 20010970	00000074

		.text           200109e4	00000000 ../../LIBBSP_gen/LIBBSP_FNOR/lib/LIBBSP_FNOR.a[LIBBSP_FNOR_Open.o]

		.text           200109e4	000000c8 ../../LIBBSP_gen/LIBBSP_FNOR/lib/LIBBSP_FNOR.a[LIBBSP_FNOR_Open.o]
	       LIBBSP_FNOR_Open 200109e4	000000c8

		.text           20010aac	00000000 ../../LIBBSP_gen/LIBBSP_FNOR/lib/LIBBSP_FNOR.a[LIBBSP_FNOR_FastRead.o]

		.text           20010aac	0000003c ../../LIBBSP_gen/LIBBSP_FNOR/lib/LIBBSP_FNOR.a[LIBBSP_FNOR_FastRead.o]
	   LIBBSP_FNOR_FastRead 20010aac	0000003c

		.text           20010ae8	00000000 ../../LIBBSP_gen/LIBBSP_FNOR/lib/LIBBSP_FNOR.a[LIBBSP_FNOR_ReadPage.o]

		.text           20010ae8	000000fc ../../LIBBSP_gen/LIBBSP_FNOR/lib/LIBBSP_FNOR.a[LIBBSP_FNOR_ReadPage.o]
	   LIBBSP_FNOR_ReadPage 20010ae8	000000fc

		.text           20010be4	00000000 ../../LIBBSP_gen/LIBBSP_FNOR/lib/LIBBSP_FNOR.a[LIBBSP_FNOR_Close.o]

		.text           20010be4	00000020 ../../LIBBSP_gen/LIBBSP_FNOR/lib/LIBBSP_FNOR.a[LIBBSP_FNOR_Close.o]
	      LIBBSP_FNOR_Close 20010be4	00000020

		.text           20010c04	00000000 ../../LIBBSP_gen/LIBBSP_FNOR/lib/LIBBSP_FNOR.a[LIBBSP_FNOR_Globals.o]

		.text           20010c04	00000000 ../../LIBBSP_gen/LIBBSP_FNOR/lib/LIBBSP_FNOR.a[LIBBSP_FNOR_ReadPageSeg.o]

		.text           20010c04	000001a8 ../../LIBBSP_gen/LIBBSP_FNOR/lib/LIBBSP_FNOR.a[LIBBSP_FNOR_ReadPageSeg.o]
	LIBBSP_FNOR_ReadPageSeg 20010c04	000001a8

		.text           20010dac	00000000 ../../LIBBSP_gen/LIBBSP_FNOR/lib/LIBBSP_FNOR.a[LIBBSP_FNOR_ReadEnable.o]

		.text           20010dac	00000074 ../../LIBBSP_gen/LIBBSP_FNOR/lib/LIBBSP_FNOR.a[LIBBSP_FNOR_ReadEnable.o]
	 LIBBSP_FNOR_ReadEnable 20010dac	00000074

		.text           20010e20	00000000 ../../LIBBSP_gen/LIBBSP_FNOR/lib/LIBBSP_FNOR.a[LIBBSP_FNOR_ReadCheckAvailability.o]

		.text           20010e20	000000b0 ../../LIBBSP_gen/LIBBSP_FNOR/lib/LIBBSP_FNOR.a[LIBBSP_FNOR_ReadCheckAvailability.o]
LIBBSP_FNOR_ReadCheckAvailability 20010e20	000000b0

		.text           20010ed0	00000000 ../../LIBBSP_gen/LIBBSP_FNOR/lib/LIBBSP_FNOR.a[LIBBSP_FNOR_Exit4B.o]

		.text           20010ed0	00000040 ../../LIBBSP_gen/LIBBSP_FNOR/lib/LIBBSP_FNOR.a[LIBBSP_FNOR_Exit4B.o]
	     LIBBSP_FNOR_Exit4B 20010ed0	00000040

		.text           20010f10	00000000 ../../LIBBSP_gen/LIBBSP_FNOR/lib/LIBBSP_FNOR.a[LIBBSP_FNOR_EnableWrite.o]

		.text           20010f10	00000040 ../../LIBBSP_gen/LIBBSP_FNOR/lib/LIBBSP_FNOR.a[LIBBSP_FNOR_EnableWrite.o]
	LIBBSP_FNOR_EnableWrite 20010f10	00000040

		.text           20010f50	00000000 ../../LIBBSP_gen/LIBBSP_FNOR/lib/LIBBSP_FNOR.a[LIBBSP_FNOR_Enter4B.o]

		.text           20010f50	00000040 ../../LIBBSP_gen/LIBBSP_FNOR/lib/LIBBSP_FNOR.a[LIBBSP_FNOR_Enter4B.o]
	    LIBBSP_FNOR_Enter4B 20010f50	00000040

		.text           20010f90	00000000 ../../LIBBSP_gen/LIBBSP_FNOR/lib/LIBBSP_FNOR.a[LIBBSP_FNOR_PrepareCommand.o]

		.text           20010f90	00000078 ../../LIBBSP_gen/LIBBSP_FNOR/lib/LIBBSP_FNOR.a[LIBBSP_FNOR_PrepareCommand.o]
     LIBBSP_FNOR_PrepareCommand 20010f90	00000078

		.text           20011008	00000000 ../../LIBBSP_gen/LIBBSP_CMN/lib/LIBBSP_CMN.a[LIBBSP_CMN_IsElapsed.o]

		.text           20011008	00000078 ../../LIBBSP_gen/LIBBSP_CMN/lib/LIBBSP_CMN.a[LIBBSP_CMN_IsElapsed.o]
	   LIBBSP_CMN_isElapsed 20011008	00000078

		.text           20011080	00000000 ../../LIBBSP_gen/LIBBSP_CMN/lib/LIBBSP_CMN.a[LIBBSP_CMN_CheckElapsedTime.o]

		.text           20011080	00000028 ../../LIBBSP_gen/LIBBSP_CMN/lib/LIBBSP_CMN.a[LIBBSP_CMN_CheckElapsedTime.o]
    LIBBSP_CMN_CheckElapsedTime 20011080	00000028

		.text           200110a8	00000000 ../../LIBBSP_gen/LIBBSP_CMN/lib/LIBBSP_CMN.a[LIBBSP_CMN_Globals.o]

		.text           200110a8	00000000 ../../LIBBSP_gen/LIBBSP_CMN/lib/LIBBSP_CMN.a[LIBBSP_CMN_GetTicks.o]

		.text           200110a8	00000008 ../../LIBBSP_gen/LIBBSP_CMN/lib/LIBBSP_CMN.a[LIBBSP_CMN_GetTicks.o]
	    LIBBSP_CMN_GetTicks 200110a8	00000008

		.text           200110b0	00000000 ../../LIBBSP_gen/LIBBSP_GPIO/lib/LIBBSP_GPIO.a[LIBBSP_GPIO_Configure.o]

		.text           200110b0	0000005c ../../LIBBSP_gen/LIBBSP_GPIO/lib/LIBBSP_GPIO.a[LIBBSP_GPIO_Configure.o]
	  LIBBSP_GPIO_Configure 200110b0	0000005c

		.text           2001110c	00000000 ../../LIBBSP_gen/LIBBSP_GPIO/lib/LIBBSP_GPIO.a[LIBBSP_GPIO_Write.o]

		.text           2001110c	00000070 ../../LIBBSP_gen/LIBBSP_GPIO/lib/LIBBSP_GPIO.a[LIBBSP_GPIO_Write.o]
	      LIBBSP_GPIO_Write 2001110c	00000070

		.text           2001117c	00000000 ../../LIBBSP_gen/LIBBSP_GPIO/lib/LIBBSP_GPIO.a[LIBBSP_GPIO_Globals.o]

		.text           2001117c	00000000 ../../LIBBSP_gen/LIBBSP_PLDCMP/lib/LIBBSP_PLDCMP.a[LIBBSP_PLDCMP_WriteFailDisc.o]

		.text           2001117c	00000018 ../../LIBBSP_gen/LIBBSP_PLDCMP/lib/LIBBSP_PLDCMP.a[LIBBSP_PLDCMP_WriteFailDisc.o]
    LIBBSP_PLDCMP_WriteFailDisc 2001117c	00000018

		.text           20011194	00000000 ../../LIBBSP_gen/LIBBSP_PLDCMP/lib/LIBBSP_PLDCMP.a[LIBBSP_PLDCMP_Globals.o]

		.text           20011194	00000000 ../../LIBBSP_gen/LIBBSP_SHM/lib/LIBBSP_SHM.a[LIBBSP_SHM_SetMode.o]

		.text           20011194	00000040 ../../LIBBSP_gen/LIBBSP_SHM/lib/LIBBSP_SHM.a[LIBBSP_SHM_SetMode.o]
	     LIBBSP_SHM_SetMode 20011194	00000040

		.text           200111d4	00000000 ../../LIBBSP_gen/LIBBSP_SHM/lib/LIBBSP_SHM.a[LIBBSP_SHM_Globals.o]

		.text           200111d4	00000000 ../../LIBBSP_gen/LIBBSP_SPI/lib/LIBBSP_SPI.a[LIBBSP_SPI_Close.o]

		.text           200111d4	00000048 ../../LIBBSP_gen/LIBBSP_SPI/lib/LIBBSP_SPI.a[LIBBSP_SPI_Close.o]
	       LIBBSP_SPI_Close 200111d4	00000048

		.text           2001121c	00000000 ../../LIBBSP_gen/LIBBSP_SPI/lib/LIBBSP_SPI.a[LIBBSP_SPI_Exchange.o]

		.text           2001121c	000001cc ../../LIBBSP_gen/LIBBSP_SPI/lib/LIBBSP_SPI.a[LIBBSP_SPI_Exchange.o]
	    LIBBSP_SPI_Exchange 2001121c	000001cc

		.text           200113e8	00000000 ../../LIBBSP_gen/LIBBSP_SPI/lib/LIBBSP_SPI.a[LIBBSP_SPI_Open.o]

		.text           200113e8	000000b0 ../../LIBBSP_gen/LIBBSP_SPI/lib/LIBBSP_SPI.a[LIBBSP_SPI_Open.o]
		LIBBSP_SPI_Open 200113e8	000000b0

		.text           20011498	00000000 ../../LIBBSP_gen/LIBBSP_SPI/lib/LIBBSP_SPI.a[LIBBSP_SPI_ReceiveData.o]

		.text           20011498	0000014c ../../LIBBSP_gen/LIBBSP_SPI/lib/LIBBSP_SPI.a[LIBBSP_SPI_ReceiveData.o]
	 LIBBSP_SPI_ReceiveData 20011498	0000014c

		.text           200115e4	00000000 ../../LIBBSP_gen/LIBBSP_SPI/lib/LIBBSP_SPI.a[LIBBSP_SPI_WaitEndOfCom.o]

		.text           200115e4	000000a0 ../../LIBBSP_gen/LIBBSP_SPI/lib/LIBBSP_SPI.a[LIBBSP_SPI_WaitEndOfCom.o]
	LIBBSP_SPI_WaitEndOfCom 200115e4	000000a0

		.text           20011684	00000000 ../../LIBBSP_gen/LIBBSP_SPI/lib/LIBBSP_SPI.a[LIBBSP_SPI_Globals.o]

		.text           20011684	00000000 ../../LIBBSP_gen/LIBBSP_SPI/lib/LIBBSP_SPI.a[LIBBSP_SPI_Copy_In_FIFO.o]

		.text           20011684	000000c8 ../../LIBBSP_gen/LIBBSP_SPI/lib/LIBBSP_SPI.a[LIBBSP_SPI_Copy_In_FIFO.o]
	LIBBSP_SPI_Copy_In_FIFO 20011684	000000c8

		.text           2001174c	00000000 ../../LIBUTI_gen/SHA/lib/SHA.a[LIBUTI_SHA_Wrapper.o]

		.text           2001174c	00000078 ../../LIBUTI_gen/SHA/lib/SHA.a[LIBUTI_SHA_Wrapper.o]
       LIBUTI_SHA_ComputeSHA256 2001174c	00000078

		.text           200117c4	00000000 ../../LIBUTI_gen/SHA/lib/SHA.a[LIBUTI_SHA_Computation.o]

		.text           200117c4	0000007c ../../LIBUTI_gen/SHA/lib/SHA.a[LIBUTI_SHA_Computation.o]
	  LIBUTI_SHA_initSHA256 200117c4	0000007c

		.text           20011840	00000094 ../../LIBUTI_gen/SHA/lib/SHA.a[LIBUTI_SHA_Computation.o]
	LIBUTI_SHA_updateSHA256 20011840	00000094

		.text           200118d4	000001c0 ../../LIBUTI_gen/SHA/lib/SHA.a[LIBUTI_SHA_Computation.o]
	 LIBUTI_SHA_finalSHA256 200118d4	000001c0

		.text           20011a94	00000100 ../../LIBUTI_gen/SHA/lib/SHA.a[LIBUTI_SHA_Transform.o]

		.text           20011b94	00000260 ../../LIBUTI_gen/SHA/lib/SHA.a[LIBUTI_SHA_Transform.o]
	   SHA_sha256_transform 20011b94	00000260

		.text           20011df4	00000000 ../../LIBUTI_gen/MEM/lib/MEM.a[LIBUTI_MEM.o]

		.text           20011df4	00000024 ../../LIBUTI_gen/MEM/lib/MEM.a[LIBUTI_MEM.o]
	      LIBUTI_MEM_MemSet 20011df4	00000024

		.text           20011e18	00000044 ../../LIBUTI_gen/MEM/lib/MEM.a[LIBUTI_MEM.o]
	LIBUTI_MEM_MemsNotEqual 20011e18	00000044

		.text           20011e5c	00000000 ../../LIBUTI_gen/COMMON/lib/COMMON.a[LIBUTI_CMN_WaitUntilPowerDown.o]

		.text           20011e5c	00000008 ../../LIBUTI_gen/COMMON/lib/COMMON.a[LIBUTI_CMN_WaitUntilPowerDown.o]
  LIBUTI_CMN_WaitUntilPowerDown 20011e5c	00000008


.sdata2         		20011e64	00000000

.sdata2         		20011e64	00000168
		.rodata         20011e64	00000020 ../../BOOT_gen/RAMBOOT/RAMBOOT_Common/lib/RAMBOOT_Common.a[RAMBOOT_ConfigureELBC.o]
			   LBCR 20011e64	00000004
			   LCRR 20011e68	00000004
			  LINEs 20011e6c	00000018

		.rodata         20011e84	0000002c ../../LIBBSP_gen/LIBBSP_FNOR/lib/LIBBSP_FNOR.a[LIBBSP_FNOR_Globals.o]
     C_FNOR_MASK_FIRST_MSB_BYTE 20011e84	00000004
		    C_FNOR_CFSR 20011e88	00000001
		    C_FNOR_WREN 20011e89	00000001
		 C_FNOR_ENTER4B 20011e8a	00000001
	     C_FNOR_CHAR_LENGTH 20011e8c	00000004
	    C_FNOR_CS_CLOCK_GAP 20011e90	00000004
	   C_FNOR_SHIFT_24_BITS 20011e94	00000004
	   C_FNOR_SHIFT_16_BITS 20011e98	00000004
	    C_FNOR_SHIFT_8_BITS 20011e9c	00000004
     C_FNOR_MASK_FIRST_LSB_BYTE 20011ea0	00000004
    C_FNOR_MASK_SECOND_LSB_BYTE 20011ea4	00000004
    C_FNOR_MASK_SECOND_MSB_BYTE 20011ea8	00000004
		 C_FNOR_TIMEOUT 20011eac	00000004

		.rodata         20011eb0	00000004 ../../LIBBSP_gen/LIBBSP_CMN/lib/LIBBSP_CMN.a[LIBBSP_CMN_Globals.o]
		 C_CMN_MAX_TIME 20011eb0	00000004

		.rodata         20011eb4	0000000a ../../LIBBSP_gen/LIBBSP_GPIO/lib/LIBBSP_GPIO.a[LIBBSP_GPIO_Globals.o]
		      V_GPIOReg 20011eb4	00000004
		   C_GPIO_GPDIR 20011eb8	00000002
		   C_GPIO_GPIER 20011eba	00000002
		    C_GPIO_MASK 20011ebc	00000002

		.rodata         20011ec0	00000004 ../../LIBBSP_gen/LIBBSP_PLDCMP/lib/LIBBSP_PLDCMP.a[LIBBSP_PLDCMP_Globals.o]
		   V_PldCmpRegs 20011ec0	00000004

		.rodata         20011ec4	00000004 ../../LIBBSP_gen/LIBBSP_SHM/lib/LIBBSP_SHM.a[LIBBSP_SHM_Globals.o]
		      V_SHMRegs 20011ec4	00000004

		.rodata         20011ec8	00000004 ../../LIBBSP_gen/LIBBSP_SPI/lib/LIBBSP_SPI.a[LIBBSP_SPI_Globals.o]
		     V_SPI_Regs 20011ec8	00000004

		.rodata         20011ecc	00000100 ../../LIBUTI_gen/SHA/lib/SHA.a[LIBUTI_SHA_Transform.o]
			      k 20011ecc	00000100


.sdata2         		20011fcc	00000004
		.RAMBOOT_CODE_END 20011fcc	00000004 ../../BOOT_gen/RAMBOOT/RAMBOOT_Common/lib/RAMBOOT_Common.a[RAMBOOT_RamBootEndMarker.o]
      C_RAMBOOT_CODE_END_MARKER 20011fcc	00000004


.sdata          		2001a000	00000000

.sbss           		2001a000	00000000

.bss            		2001a000	00000005
		.bss            2001a000	00000005 ../../LIBBSP_gen/LIBBSP_FNOR/lib/LIBBSP_FNOR.a[LIBBSP_FNOR_Globals.o]
	     V_FNOR_WriteBuffer 2001a000	00000005

		.bss            2001a005	00000000 ../../LIBBSP_gen/LIBBSP_FNOR/lib/LIBBSP_FNOR.a[LIBBSP_FNOR_ReadPageSeg.o]

		.bss            2001a005	00000000 ../../LIBBSP_gen/LIBBSP_FNOR/lib/LIBBSP_FNOR.a[LIBBSP_FNOR_ReadCheckAvailability.o]

		.bss            2001a005	00000000 ../../LIBBSP_gen/LIBBSP_FNOR/lib/LIBBSP_FNOR.a[LIBBSP_FNOR_PrepareCommand.o]


.data           		2001a005	00000000

.PPC.EMB.apuinfo		00000000	0000001c
		.PPC.EMB.apuinfo 00000000	0000001c RAMBOOT.dld


.debug_line     		00000000	00004f08
		.debug_line     00000000	0000031f ../../BOOT_gen/RAMBOOT/RAMBOOT_Common/lib/RAMBOOT_Common.a[RAMBOOT_VectorTable.o]

		.debug_line     0000031f	00000027 ../../BOOT_gen/RAMBOOT/RAMBOOT_Common/lib/RAMBOOT_Common.a[RAMBOOT_PostTCBHW_Main.o]

		.debug_line     00000346	0000007d ../../BOOT_gen/RAMBOOT/RAMBOOT_Common/lib/RAMBOOT_Common.a[RAMBOOT_PostTCBHW_Main.o]

		.debug_line     000003c3	00000027 ../../BOOT_gen/RAMBOOT/RAMBOOT_Common/lib/RAMBOOT_Common.a[RAMBOOT_FailMode.o]

		.debug_line     000003ea	000000a1 ../../BOOT_gen/RAMBOOT/RAMBOOT_Common/lib/RAMBOOT_Common.a[RAMBOOT_FailMode.o]

		.debug_line     0000048b	00000045 ../../BOOT_gen/RAMBOOT/RAMBOOT_Common/lib/RAMBOOT_Common.a[RAMBOOT_ConfigureELBC.o]

		.debug_line     000004d0	000000b9 ../../BOOT_gen/RAMBOOT/RAMBOOT_Common/lib/RAMBOOT_Common.a[RAMBOOT_ConfigureELBC.o]

		.debug_line     00000589	0000005b ../../BOOT_gen/RAMBOOT/RAMBOOT_CopyAndBootBoot_CBB/lib/RAMBOOT_CopyAndBootBoot_CBB.a[RAMBOOT_CopyAndBootBoot.o]

		.debug_line     000005e4	00000148 ../../BOOT_gen/RAMBOOT/RAMBOOT_CopyAndBootBoot_CBB/lib/RAMBOOT_CopyAndBootBoot_CBB.a[RAMBOOT_CopyAndBootBoot.o]

		.debug_line     0000072c	00000027 ../../BOOT_gen/RAMBOOT/RAMBOOT_Common/lib/RAMBOOT_Common.a[RAMBOOT_JumpToAddress.o]

		.debug_line     00000753	0000007a ../../BOOT_gen/RAMBOOT/RAMBOOT_Common/lib/RAMBOOT_Common.a[RAMBOOT_JumpToAddress.o]

		.debug_line     000007cd	00000048 ../../BOOT_gen/RAMBOOT/RAMBOOT_Common/lib/RAMBOOT_Common.a[RAMBOOT_RamBootEndMarker.o]

		.debug_line     00000815	00002303 ../../BOOT_gen/RAMBOOT/RAMBOOT_TestAndConfigureBasicHW_TCBHW/lib/RAMBOOT_TestAndConfigureBasicHW_TCBHW.a[RAMBOOT_TestAndConfigureBasicHW.o]

		.debug_line     00002b18	0000005b ../../BOOT_gen/RAMBOOT/RAMBOOT_TestSelfIntegrity_TSI/lib/RAMBOOT_TestSelfIntegrity_TSI.a[RAMBOOT_TestSelfIntegrity.o]

		.debug_line     00002b73	000000ba ../../BOOT_gen/RAMBOOT/RAMBOOT_TestSelfIntegrity_TSI/lib/RAMBOOT_TestSelfIntegrity_TSI.a[RAMBOOT_TestSelfIntegrity.o]

		.debug_line     00002c2d	00000043 ../../LIBBSP_gen/LIBBSP_FNOR/lib/LIBBSP_FNOR.a[LIBBSP_FNOR_Open.o]

		.debug_line     00002c70	00000109 ../../LIBBSP_gen/LIBBSP_FNOR/lib/LIBBSP_FNOR.a[LIBBSP_FNOR_Open.o]

		.debug_line     00002d79	00000027 ../../LIBBSP_gen/LIBBSP_FNOR/lib/LIBBSP_FNOR.a[LIBBSP_FNOR_FastRead.o]

		.debug_line     00002da0	00000087 ../../LIBBSP_gen/LIBBSP_FNOR/lib/LIBBSP_FNOR.a[LIBBSP_FNOR_FastRead.o]

		.debug_line     00002e27	00000027 ../../LIBBSP_gen/LIBBSP_FNOR/lib/LIBBSP_FNOR.a[LIBBSP_FNOR_ReadPage.o]

		.debug_line     00002e4e	00000101 ../../LIBBSP_gen/LIBBSP_FNOR/lib/LIBBSP_FNOR.a[LIBBSP_FNOR_ReadPage.o]

		.debug_line     00002f4f	00000027 ../../LIBBSP_gen/LIBBSP_FNOR/lib/LIBBSP_FNOR.a[LIBBSP_FNOR_Close.o]

		.debug_line     00002f76	0000006e ../../LIBBSP_gen/LIBBSP_FNOR/lib/LIBBSP_FNOR.a[LIBBSP_FNOR_Close.o]

		.debug_line     00002fe4	00000075 ../../LIBBSP_gen/LIBBSP_FNOR/lib/LIBBSP_FNOR.a[LIBBSP_FNOR_Globals.o]

		.debug_line     00003059	00000043 ../../LIBBSP_gen/LIBBSP_FNOR/lib/LIBBSP_FNOR.a[LIBBSP_FNOR_ReadPageSeg.o]

		.debug_line     0000309c	00000152 ../../LIBBSP_gen/LIBBSP_FNOR/lib/LIBBSP_FNOR.a[LIBBSP_FNOR_ReadPageSeg.o]

		.debug_line     000031ee	00000027 ../../LIBBSP_gen/LIBBSP_FNOR/lib/LIBBSP_FNOR.a[LIBBSP_FNOR_ReadEnable.o]

		.debug_line     00003215	000000b5 ../../LIBBSP_gen/LIBBSP_FNOR/lib/LIBBSP_FNOR.a[LIBBSP_FNOR_ReadEnable.o]

		.debug_line     000032ca	00000043 ../../LIBBSP_gen/LIBBSP_FNOR/lib/LIBBSP_FNOR.a[LIBBSP_FNOR_ReadCheckAvailability.o]

		.debug_line     0000330d	000000ca ../../LIBBSP_gen/LIBBSP_FNOR/lib/LIBBSP_FNOR.a[LIBBSP_FNOR_ReadCheckAvailability.o]

		.debug_line     000033d7	00000043 ../../LIBBSP_gen/LIBBSP_FNOR/lib/LIBBSP_FNOR.a[LIBBSP_FNOR_Exit4B.o]

		.debug_line     0000341a	00000073 ../../LIBBSP_gen/LIBBSP_FNOR/lib/LIBBSP_FNOR.a[LIBBSP_FNOR_Exit4B.o]

		.debug_line     0000348d	00000043 ../../LIBBSP_gen/LIBBSP_FNOR/lib/LIBBSP_FNOR.a[LIBBSP_FNOR_EnableWrite.o]

		.debug_line     000034d0	00000078 ../../LIBBSP_gen/LIBBSP_FNOR/lib/LIBBSP_FNOR.a[LIBBSP_FNOR_EnableWrite.o]

		.debug_line     00003548	00000043 ../../LIBBSP_gen/LIBBSP_FNOR/lib/LIBBSP_FNOR.a[LIBBSP_FNOR_Enter4B.o]

		.debug_line     0000358b	00000074 ../../LIBBSP_gen/LIBBSP_FNOR/lib/LIBBSP_FNOR.a[LIBBSP_FNOR_Enter4B.o]

		.debug_line     000035ff	00000075 ../../LIBBSP_gen/LIBBSP_FNOR/lib/LIBBSP_FNOR.a[LIBBSP_FNOR_PrepareCommand.o]

		.debug_line     00003674	00000097 ../../LIBBSP_gen/LIBBSP_FNOR/lib/LIBBSP_FNOR.a[LIBBSP_FNOR_PrepareCommand.o]

		.debug_line     0000370b	00000027 ../../LIBBSP_gen/LIBBSP_CMN/lib/LIBBSP_CMN.a[LIBBSP_CMN_IsElapsed.o]

		.debug_line     00003732	000000c1 ../../LIBBSP_gen/LIBBSP_CMN/lib/LIBBSP_CMN.a[LIBBSP_CMN_IsElapsed.o]

		.debug_line     000037f3	00000042 ../../LIBBSP_gen/LIBBSP_CMN/lib/LIBBSP_CMN.a[LIBBSP_CMN_CheckElapsedTime.o]

		.debug_line     00003835	00000096 ../../LIBBSP_gen/LIBBSP_CMN/lib/LIBBSP_CMN.a[LIBBSP_CMN_CheckElapsedTime.o]

		.debug_line     000038cb	00000042 ../../LIBBSP_gen/LIBBSP_CMN/lib/LIBBSP_CMN.a[LIBBSP_CMN_Globals.o]

		.debug_line     0000390d	00000027 ../../LIBBSP_gen/LIBBSP_CMN/lib/LIBBSP_CMN.a[LIBBSP_CMN_GetTicks.o]

		.debug_line     00003934	0000007c ../../LIBBSP_gen/LIBBSP_CMN/lib/LIBBSP_CMN.a[LIBBSP_CMN_GetTicks.o]

		.debug_line     000039b0	00000075 ../../LIBBSP_gen/LIBBSP_GPIO/lib/LIBBSP_GPIO.a[LIBBSP_GPIO_Configure.o]

		.debug_line     00003a25	000000b0 ../../LIBBSP_gen/LIBBSP_GPIO/lib/LIBBSP_GPIO.a[LIBBSP_GPIO_Configure.o]

		.debug_line     00003ad5	000000ad ../../LIBBSP_gen/LIBBSP_GPIO/lib/LIBBSP_GPIO.a[LIBBSP_GPIO_Write.o]

		.debug_line     00003b82	000000b4 ../../LIBBSP_gen/LIBBSP_GPIO/lib/LIBBSP_GPIO.a[LIBBSP_GPIO_Write.o]

		.debug_line     00003c36	00000075 ../../LIBBSP_gen/LIBBSP_GPIO/lib/LIBBSP_GPIO.a[LIBBSP_GPIO_Globals.o]

		.debug_line     00003cab	0000005d ../../LIBBSP_gen/LIBBSP_PLDCMP/lib/LIBBSP_PLDCMP.a[LIBBSP_PLDCMP_WriteFailDisc.o]

		.debug_line     00003d08	00000078 ../../LIBBSP_gen/LIBBSP_PLDCMP/lib/LIBBSP_PLDCMP.a[LIBBSP_PLDCMP_WriteFailDisc.o]

		.debug_line     00003d80	0000005d ../../LIBBSP_gen/LIBBSP_PLDCMP/lib/LIBBSP_PLDCMP.a[LIBBSP_PLDCMP_Globals.o]

		.debug_line     00003ddd	0000008f ../../LIBBSP_gen/LIBBSP_SHM/lib/LIBBSP_SHM.a[LIBBSP_SHM_SetMode.o]

		.debug_line     00003e6c	0000008b ../../LIBBSP_gen/LIBBSP_SHM/lib/LIBBSP_SHM.a[LIBBSP_SHM_SetMode.o]

		.debug_line     00003ef7	00000057 ../../LIBBSP_gen/LIBBSP_SHM/lib/LIBBSP_SHM.a[LIBBSP_SHM_Globals.o]

		.debug_line     00003f4e	00000057 ../../LIBBSP_gen/LIBBSP_SPI/lib/LIBBSP_SPI.a[LIBBSP_SPI_Close.o]

		.debug_line     00003fa5	0000007f ../../LIBBSP_gen/LIBBSP_SPI/lib/LIBBSP_SPI.a[LIBBSP_SPI_Close.o]

		.debug_line     00004024	00000057 ../../LIBBSP_gen/LIBBSP_SPI/lib/LIBBSP_SPI.a[LIBBSP_SPI_Exchange.o]

		.debug_line     0000407b	00000138 ../../LIBBSP_gen/LIBBSP_SPI/lib/LIBBSP_SPI.a[LIBBSP_SPI_Exchange.o]

		.debug_line     000041b3	00000057 ../../LIBBSP_gen/LIBBSP_SPI/lib/LIBBSP_SPI.a[LIBBSP_SPI_Open.o]

		.debug_line     0000420a	000000ca ../../LIBBSP_gen/LIBBSP_SPI/lib/LIBBSP_SPI.a[LIBBSP_SPI_Open.o]

		.debug_line     000042d4	00000057 ../../LIBBSP_gen/LIBBSP_SPI/lib/LIBBSP_SPI.a[LIBBSP_SPI_ReceiveData.o]

		.debug_line     0000432b	0000015b ../../LIBBSP_gen/LIBBSP_SPI/lib/LIBBSP_SPI.a[LIBBSP_SPI_ReceiveData.o]

		.debug_line     00004486	00000057 ../../LIBBSP_gen/LIBBSP_SPI/lib/LIBBSP_SPI.a[LIBBSP_SPI_WaitEndOfCom.o]

		.debug_line     000044dd	000000ba ../../LIBBSP_gen/LIBBSP_SPI/lib/LIBBSP_SPI.a[LIBBSP_SPI_WaitEndOfCom.o]

		.debug_line     00004597	00000057 ../../LIBBSP_gen/LIBBSP_SPI/lib/LIBBSP_SPI.a[LIBBSP_SPI_Globals.o]

		.debug_line     000045ee	00000057 ../../LIBBSP_gen/LIBBSP_SPI/lib/LIBBSP_SPI.a[LIBBSP_SPI_Copy_In_FIFO.o]

		.debug_line     00004645	000000ec ../../LIBBSP_gen/LIBBSP_SPI/lib/LIBBSP_SPI.a[LIBBSP_SPI_Copy_In_FIFO.o]

		.debug_line     00004731	00000027 ../../LIBUTI_gen/SHA/lib/SHA.a[LIBUTI_SHA_Wrapper.o]

		.debug_line     00004758	0000009d ../../LIBUTI_gen/SHA/lib/SHA.a[LIBUTI_SHA_Wrapper.o]

		.debug_line     000047f5	00000027 ../../LIBUTI_gen/SHA/lib/SHA.a[LIBUTI_SHA_Computation.o]

		.debug_line     0000481c	000000c7 ../../LIBUTI_gen/SHA/lib/SHA.a[LIBUTI_SHA_Computation.o]

		.debug_line     000048e3	000000b1 ../../LIBUTI_gen/SHA/lib/SHA.a[LIBUTI_SHA_Computation.o]

		.debug_line     00004994	0000018f ../../LIBUTI_gen/SHA/lib/SHA.a[LIBUTI_SHA_Computation.o]

		.debug_line     00004b23	00000044 ../../LIBUTI_gen/SHA/lib/SHA.a[LIBUTI_SHA_Transform.o]

		.debug_line     00004b67	000001b5 ../../LIBUTI_gen/SHA/lib/SHA.a[LIBUTI_SHA_Transform.o]

		.debug_line     00004d1c	00000027 ../../LIBUTI_gen/MEM/lib/MEM.a[LIBUTI_MEM.o]

		.debug_line     00004d43	0000007b ../../LIBUTI_gen/MEM/lib/MEM.a[LIBUTI_MEM.o]

		.debug_line     00004dbe	0000009d ../../LIBUTI_gen/MEM/lib/MEM.a[LIBUTI_MEM.o]

		.debug_line     00004e5b	00000027 ../../LIBUTI_gen/COMMON/lib/COMMON.a[LIBUTI_CMN_WaitUntilPowerDown.o]

		.debug_line     00004e82	00000086 ../../LIBUTI_gen/COMMON/lib/COMMON.a[LIBUTI_CMN_WaitUntilPowerDown.o]


.debug_info     		00000000	0000a7fb
		.debug_info     00000000	000001d7 ../../BOOT_gen/RAMBOOT/RAMBOOT_Common/lib/RAMBOOT_Common.a[RAMBOOT_VectorTable.o]

		.debug_info     000001d7	000000ac ../../BOOT_gen/RAMBOOT/RAMBOOT_Common/lib/RAMBOOT_Common.a[RAMBOOT_PostTCBHW_Main.o]

		.debug_info     00000283	000000e4 ../../BOOT_gen/RAMBOOT/RAMBOOT_Common/lib/RAMBOOT_Common.a[RAMBOOT_PostTCBHW_Main.o]

		.debug_info     00000367	000000a6 ../../BOOT_gen/RAMBOOT/RAMBOOT_Common/lib/RAMBOOT_Common.a[RAMBOOT_FailMode.o]

		.debug_info     0000040d	000000d8 ../../BOOT_gen/RAMBOOT/RAMBOOT_Common/lib/RAMBOOT_Common.a[RAMBOOT_FailMode.o]

		.debug_info     000004e5	0000040c ../../BOOT_gen/RAMBOOT/RAMBOOT_Common/lib/RAMBOOT_Common.a[RAMBOOT_ConfigureELBC.o]

		.debug_info     000008f1	00000125 ../../BOOT_gen/RAMBOOT/RAMBOOT_Common/lib/RAMBOOT_Common.a[RAMBOOT_ConfigureELBC.o]

		.debug_info     00000a16	0000032d ../../BOOT_gen/RAMBOOT/RAMBOOT_CopyAndBootBoot_CBB/lib/RAMBOOT_CopyAndBootBoot_CBB.a[RAMBOOT_CopyAndBootBoot.o]

		.debug_info     00000d43	00000179 ../../BOOT_gen/RAMBOOT/RAMBOOT_CopyAndBootBoot_CBB/lib/RAMBOOT_CopyAndBootBoot_CBB.a[RAMBOOT_CopyAndBootBoot.o]

		.debug_info     00000ebc	000000cf ../../BOOT_gen/RAMBOOT/RAMBOOT_Common/lib/RAMBOOT_Common.a[RAMBOOT_JumpToAddress.o]

		.debug_info     00000f8b	000000fd ../../BOOT_gen/RAMBOOT/RAMBOOT_Common/lib/RAMBOOT_Common.a[RAMBOOT_JumpToAddress.o]

		.debug_info     00001088	000000fd ../../BOOT_gen/RAMBOOT/RAMBOOT_Common/lib/RAMBOOT_Common.a[RAMBOOT_RamBootEndMarker.o]

		.debug_info     00001185	000000c0 ../../BOOT_gen/RAMBOOT/RAMBOOT_TestAndConfigureBasicHW_TCBHW/lib/RAMBOOT_TestAndConfigureBasicHW_TCBHW.a[RAMBOOT_TestAndConfigureBasicHW.o]

		.debug_info     00001245	000001b6 ../../BOOT_gen/RAMBOOT/RAMBOOT_TestSelfIntegrity_TSI/lib/RAMBOOT_TestSelfIntegrity_TSI.a[RAMBOOT_TestSelfIntegrity.o]

		.debug_info     000013fb	0000016a ../../BOOT_gen/RAMBOOT/RAMBOOT_TestSelfIntegrity_TSI/lib/RAMBOOT_TestSelfIntegrity_TSI.a[RAMBOOT_TestSelfIntegrity.o]

		.debug_info     00001565	000004ae ../../LIBBSP_gen/LIBBSP_FNOR/lib/LIBBSP_FNOR.a[LIBBSP_FNOR_Open.o]

		.debug_info     00001a13	00000130 ../../LIBBSP_gen/LIBBSP_FNOR/lib/LIBBSP_FNOR.a[LIBBSP_FNOR_Open.o]

		.debug_info     00001b43	000002d5 ../../LIBBSP_gen/LIBBSP_FNOR/lib/LIBBSP_FNOR.a[LIBBSP_FNOR_FastRead.o]

		.debug_info     00001e18	0000014a ../../LIBBSP_gen/LIBBSP_FNOR/lib/LIBBSP_FNOR.a[LIBBSP_FNOR_FastRead.o]

		.debug_info     00001f62	000003ca ../../LIBBSP_gen/LIBBSP_FNOR/lib/LIBBSP_FNOR.a[LIBBSP_FNOR_ReadPage.o]

		.debug_info     0000232c	00000174 ../../LIBBSP_gen/LIBBSP_FNOR/lib/LIBBSP_FNOR.a[LIBBSP_FNOR_ReadPage.o]

		.debug_info     000024a0	0000009a ../../LIBBSP_gen/LIBBSP_FNOR/lib/LIBBSP_FNOR.a[LIBBSP_FNOR_Close.o]

		.debug_info     0000253a	000000cd ../../LIBBSP_gen/LIBBSP_FNOR/lib/LIBBSP_FNOR.a[LIBBSP_FNOR_Close.o]

		.debug_info     00002607	000002f9 ../../LIBBSP_gen/LIBBSP_FNOR/lib/LIBBSP_FNOR.a[LIBBSP_FNOR_Globals.o]

		.debug_info     00002900	00000402 ../../LIBBSP_gen/LIBBSP_FNOR/lib/LIBBSP_FNOR.a[LIBBSP_FNOR_ReadPageSeg.o]

		.debug_info     00002d02	000001f2 ../../LIBBSP_gen/LIBBSP_FNOR/lib/LIBBSP_FNOR.a[LIBBSP_FNOR_ReadPageSeg.o]

		.debug_info     00002ef4	00000376 ../../LIBBSP_gen/LIBBSP_FNOR/lib/LIBBSP_FNOR.a[LIBBSP_FNOR_ReadEnable.o]

		.debug_info     0000326a	0000011a ../../LIBBSP_gen/LIBBSP_FNOR/lib/LIBBSP_FNOR.a[LIBBSP_FNOR_ReadEnable.o]

		.debug_info     00003384	00000510 ../../LIBBSP_gen/LIBBSP_FNOR/lib/LIBBSP_FNOR.a[LIBBSP_FNOR_ReadCheckAvailability.o]

		.debug_info     00003894	0000015c ../../LIBBSP_gen/LIBBSP_FNOR/lib/LIBBSP_FNOR.a[LIBBSP_FNOR_ReadCheckAvailability.o]

		.debug_info     000039f0	0000022b ../../LIBBSP_gen/LIBBSP_FNOR/lib/LIBBSP_FNOR.a[LIBBSP_FNOR_Exit4B.o]

		.debug_info     00003c1b	000000fb ../../LIBBSP_gen/LIBBSP_FNOR/lib/LIBBSP_FNOR.a[LIBBSP_FNOR_Exit4B.o]

		.debug_info     00003d16	0000022d ../../LIBBSP_gen/LIBBSP_FNOR/lib/LIBBSP_FNOR.a[LIBBSP_FNOR_EnableWrite.o]

		.debug_info     00003f43	00000105 ../../LIBBSP_gen/LIBBSP_FNOR/lib/LIBBSP_FNOR.a[LIBBSP_FNOR_EnableWrite.o]

		.debug_info     00004048	0000022c ../../LIBBSP_gen/LIBBSP_FNOR/lib/LIBBSP_FNOR.a[LIBBSP_FNOR_Enter4B.o]

		.debug_info     00004274	000000fd ../../LIBBSP_gen/LIBBSP_FNOR/lib/LIBBSP_FNOR.a[LIBBSP_FNOR_Enter4B.o]

		.debug_info     00004371	00000215 ../../LIBBSP_gen/LIBBSP_FNOR/lib/LIBBSP_FNOR.a[LIBBSP_FNOR_PrepareCommand.o]

		.debug_info     00004586	00000110 ../../LIBBSP_gen/LIBBSP_FNOR/lib/LIBBSP_FNOR.a[LIBBSP_FNOR_PrepareCommand.o]

		.debug_info     00004696	000000c5 ../../LIBBSP_gen/LIBBSP_CMN/lib/LIBBSP_CMN.a[LIBBSP_CMN_IsElapsed.o]

		.debug_info     0000475b	00000153 ../../LIBBSP_gen/LIBBSP_CMN/lib/LIBBSP_CMN.a[LIBBSP_CMN_IsElapsed.o]

		.debug_info     000048ae	000000e2 ../../LIBBSP_gen/LIBBSP_CMN/lib/LIBBSP_CMN.a[LIBBSP_CMN_CheckElapsedTime.o]

		.debug_info     00004990	00000135 ../../LIBBSP_gen/LIBBSP_CMN/lib/LIBBSP_CMN.a[LIBBSP_CMN_CheckElapsedTime.o]

		.debug_info     00004ac5	000000de ../../LIBBSP_gen/LIBBSP_CMN/lib/LIBBSP_CMN.a[LIBBSP_CMN_Globals.o]

		.debug_info     00004ba3	000000ba ../../LIBBSP_gen/LIBBSP_CMN/lib/LIBBSP_CMN.a[LIBBSP_CMN_GetTicks.o]

		.debug_info     00004c5d	000000d4 ../../LIBBSP_gen/LIBBSP_CMN/lib/LIBBSP_CMN.a[LIBBSP_CMN_GetTicks.o]

		.debug_info     00004d31	0000025c ../../LIBBSP_gen/LIBBSP_GPIO/lib/LIBBSP_GPIO.a[LIBBSP_GPIO_Configure.o]

		.debug_info     00004f8d	000000d9 ../../LIBBSP_gen/LIBBSP_GPIO/lib/LIBBSP_GPIO.a[LIBBSP_GPIO_Configure.o]

		.debug_info     00005066	00000487 ../../LIBBSP_gen/LIBBSP_GPIO/lib/LIBBSP_GPIO.a[LIBBSP_GPIO_Write.o]

		.debug_info     000054ed	00000121 ../../LIBBSP_gen/LIBBSP_GPIO/lib/LIBBSP_GPIO.a[LIBBSP_GPIO_Write.o]

		.debug_info     0000560e	00000228 ../../LIBBSP_gen/LIBBSP_GPIO/lib/LIBBSP_GPIO.a[LIBBSP_GPIO_Globals.o]

		.debug_info     00005836	00000202 ../../LIBBSP_gen/LIBBSP_PLDCMP/lib/LIBBSP_PLDCMP.a[LIBBSP_PLDCMP_WriteFailDisc.o]

		.debug_info     00005a38	000000fc ../../LIBBSP_gen/LIBBSP_PLDCMP/lib/LIBBSP_PLDCMP.a[LIBBSP_PLDCMP_WriteFailDisc.o]

		.debug_info     00005b34	000001fc ../../LIBBSP_gen/LIBBSP_PLDCMP/lib/LIBBSP_PLDCMP.a[LIBBSP_PLDCMP_Globals.o]

		.debug_info     00005d30	000002fb ../../LIBBSP_gen/LIBBSP_SHM/lib/LIBBSP_SHM.a[LIBBSP_SHM_SetMode.o]

		.debug_info     0000602b	00000100 ../../LIBBSP_gen/LIBBSP_SHM/lib/LIBBSP_SHM.a[LIBBSP_SHM_SetMode.o]

		.debug_info     0000612b	000001fa ../../LIBBSP_gen/LIBBSP_SHM/lib/LIBBSP_SHM.a[LIBBSP_SHM_Globals.o]

		.debug_info     00006325	0000058d ../../LIBBSP_gen/LIBBSP_SPI/lib/LIBBSP_SPI.a[LIBBSP_SPI_Close.o]

		.debug_info     000068b2	000000e5 ../../LIBBSP_gen/LIBBSP_SPI/lib/LIBBSP_SPI.a[LIBBSP_SPI_Close.o]

		.debug_info     00006997	00000758 ../../LIBBSP_gen/LIBBSP_SPI/lib/LIBBSP_SPI.a[LIBBSP_SPI_Exchange.o]

		.debug_info     000070ef	000001bf ../../LIBBSP_gen/LIBBSP_SPI/lib/LIBBSP_SPI.a[LIBBSP_SPI_Exchange.o]

		.debug_info     000072ae	000006ed ../../LIBBSP_gen/LIBBSP_SPI/lib/LIBBSP_SPI.a[LIBBSP_SPI_Open.o]

		.debug_info     0000799b	00000128 ../../LIBBSP_gen/LIBBSP_SPI/lib/LIBBSP_SPI.a[LIBBSP_SPI_Open.o]

		.debug_info     00007ac3	000006d6 ../../LIBBSP_gen/LIBBSP_SPI/lib/LIBBSP_SPI.a[LIBBSP_SPI_ReceiveData.o]

		.debug_info     00008199	0000015d ../../LIBBSP_gen/LIBBSP_SPI/lib/LIBBSP_SPI.a[LIBBSP_SPI_ReceiveData.o]

		.debug_info     000082f6	00000670 ../../LIBBSP_gen/LIBBSP_SPI/lib/LIBBSP_SPI.a[LIBBSP_SPI_WaitEndOfCom.o]

		.debug_info     00008966	000000f4 ../../LIBBSP_gen/LIBBSP_SPI/lib/LIBBSP_SPI.a[LIBBSP_SPI_WaitEndOfCom.o]

		.debug_info     00008a5a	0000058f ../../LIBBSP_gen/LIBBSP_SPI/lib/LIBBSP_SPI.a[LIBBSP_SPI_Globals.o]

		.debug_info     00008fe9	00000684 ../../LIBBSP_gen/LIBBSP_SPI/lib/LIBBSP_SPI.a[LIBBSP_SPI_Copy_In_FIFO.o]

		.debug_info     0000966d	00000148 ../../LIBBSP_gen/LIBBSP_SPI/lib/LIBBSP_SPI.a[LIBBSP_SPI_Copy_In_FIFO.o]

		.debug_info     000097b5	000001c3 ../../LIBUTI_gen/SHA/lib/SHA.a[LIBUTI_SHA_Wrapper.o]

		.debug_info     00009978	0000014e ../../LIBUTI_gen/SHA/lib/SHA.a[LIBUTI_SHA_Wrapper.o]

		.debug_info     00009ac6	000001cc ../../LIBUTI_gen/SHA/lib/SHA.a[LIBUTI_SHA_Computation.o]

		.debug_info     00009c92	000000e0 ../../LIBUTI_gen/SHA/lib/SHA.a[LIBUTI_SHA_Computation.o]

		.debug_info     00009d72	0000011a ../../LIBUTI_gen/SHA/lib/SHA.a[LIBUTI_SHA_Computation.o]

		.debug_info     00009e8c	0000010c ../../LIBUTI_gen/SHA/lib/SHA.a[LIBUTI_SHA_Computation.o]

		.debug_info     00009f98	000001b6 ../../LIBUTI_gen/SHA/lib/SHA.a[LIBUTI_SHA_Transform.o]

		.debug_info     0000a14e	000001e7 ../../LIBUTI_gen/SHA/lib/SHA.a[LIBUTI_SHA_Transform.o]

		.debug_info     0000a335	000000f5 ../../LIBUTI_gen/MEM/lib/MEM.a[LIBUTI_MEM.o]

		.debug_info     0000a42a	0000010f ../../LIBUTI_gen/MEM/lib/MEM.a[LIBUTI_MEM.o]

		.debug_info     0000a539	00000141 ../../LIBUTI_gen/MEM/lib/MEM.a[LIBUTI_MEM.o]

		.debug_info     0000a67a	000000a1 ../../LIBUTI_gen/COMMON/lib/COMMON.a[LIBUTI_CMN_WaitUntilPowerDown.o]

		.debug_info     0000a71b	000000e0 ../../LIBUTI_gen/COMMON/lib/COMMON.a[LIBUTI_CMN_WaitUntilPowerDown.o]


.debug_abbrev   		00000000	0000186f
		.debug_abbrev   00000000	00000036 ../../BOOT_gen/RAMBOOT/RAMBOOT_Common/lib/RAMBOOT_Common.a[RAMBOOT_VectorTable.o]

		.debug_abbrev   00000036	0000003a ../../BOOT_gen/RAMBOOT/RAMBOOT_Common/lib/RAMBOOT_Common.a[RAMBOOT_PostTCBHW_Main.o]

		.debug_abbrev   00000070	0000003a ../../BOOT_gen/RAMBOOT/RAMBOOT_Common/lib/RAMBOOT_Common.a[RAMBOOT_FailMode.o]

		.debug_abbrev   000000aa	000000c9 ../../BOOT_gen/RAMBOOT/RAMBOOT_Common/lib/RAMBOOT_Common.a[RAMBOOT_ConfigureELBC.o]

		.debug_abbrev   00000173	000000bf ../../BOOT_gen/RAMBOOT/RAMBOOT_CopyAndBootBoot_CBB/lib/RAMBOOT_CopyAndBootBoot_CBB.a[RAMBOOT_CopyAndBootBoot.o]

		.debug_abbrev   00000232	00000064 ../../BOOT_gen/RAMBOOT/RAMBOOT_Common/lib/RAMBOOT_Common.a[RAMBOOT_JumpToAddress.o]

		.debug_abbrev   00000296	0000003c ../../BOOT_gen/RAMBOOT/RAMBOOT_Common/lib/RAMBOOT_Common.a[RAMBOOT_RamBootEndMarker.o]

		.debug_abbrev   000002d2	00000012 ../../BOOT_gen/RAMBOOT/RAMBOOT_TestAndConfigureBasicHW_TCBHW/lib/RAMBOOT_TestAndConfigureBasicHW_TCBHW.a[RAMBOOT_TestAndConfigureBasicHW.o]

		.debug_abbrev   000002e4	000000ad ../../BOOT_gen/RAMBOOT/RAMBOOT_TestSelfIntegrity_TSI/lib/RAMBOOT_TestSelfIntegrity_TSI.a[RAMBOOT_TestSelfIntegrity.o]

		.debug_abbrev   00000391	000000d5 ../../LIBBSP_gen/LIBBSP_FNOR/lib/LIBBSP_FNOR.a[LIBBSP_FNOR_Open.o]

		.debug_abbrev   00000466	0000008e ../../LIBBSP_gen/LIBBSP_FNOR/lib/LIBBSP_FNOR.a[LIBBSP_FNOR_FastRead.o]

		.debug_abbrev   000004f4	0000008e ../../LIBBSP_gen/LIBBSP_FNOR/lib/LIBBSP_FNOR.a[LIBBSP_FNOR_ReadPage.o]

		.debug_abbrev   00000582	0000003a ../../LIBBSP_gen/LIBBSP_FNOR/lib/LIBBSP_FNOR.a[LIBBSP_FNOR_Close.o]

		.debug_abbrev   000005bc	0000004c ../../LIBBSP_gen/LIBBSP_FNOR/lib/LIBBSP_FNOR.a[LIBBSP_FNOR_Globals.o]

		.debug_abbrev   00000608	000000ad ../../LIBBSP_gen/LIBBSP_FNOR/lib/LIBBSP_FNOR.a[LIBBSP_FNOR_ReadPageSeg.o]

		.debug_abbrev   000006b5	00000081 ../../LIBBSP_gen/LIBBSP_FNOR/lib/LIBBSP_FNOR.a[LIBBSP_FNOR_ReadEnable.o]

		.debug_abbrev   00000736	000000db ../../LIBBSP_gen/LIBBSP_FNOR/lib/LIBBSP_FNOR.a[LIBBSP_FNOR_ReadCheckAvailability.o]

		.debug_abbrev   00000811	00000098 ../../LIBBSP_gen/LIBBSP_FNOR/lib/LIBBSP_FNOR.a[LIBBSP_FNOR_Exit4B.o]

		.debug_abbrev   000008a9	00000098 ../../LIBBSP_gen/LIBBSP_FNOR/lib/LIBBSP_FNOR.a[LIBBSP_FNOR_EnableWrite.o]

		.debug_abbrev   00000941	00000098 ../../LIBBSP_gen/LIBBSP_FNOR/lib/LIBBSP_FNOR.a[LIBBSP_FNOR_Enter4B.o]

		.debug_abbrev   000009d9	00000085 ../../LIBBSP_gen/LIBBSP_FNOR/lib/LIBBSP_FNOR.a[LIBBSP_FNOR_PrepareCommand.o]

		.debug_abbrev   00000a5e	0000007c ../../LIBBSP_gen/LIBBSP_CMN/lib/LIBBSP_CMN.a[LIBBSP_CMN_IsElapsed.o]

		.debug_abbrev   00000ada	00000086 ../../LIBBSP_gen/LIBBSP_CMN/lib/LIBBSP_CMN.a[LIBBSP_CMN_CheckElapsedTime.o]

		.debug_abbrev   00000b60	0000003c ../../LIBBSP_gen/LIBBSP_CMN/lib/LIBBSP_CMN.a[LIBBSP_CMN_Globals.o]

		.debug_abbrev   00000b9c	00000050 ../../LIBBSP_gen/LIBBSP_CMN/lib/LIBBSP_CMN.a[LIBBSP_CMN_GetTicks.o]

		.debug_abbrev   00000bec	0000009c ../../LIBBSP_gen/LIBBSP_GPIO/lib/LIBBSP_GPIO.a[LIBBSP_GPIO_Configure.o]

		.debug_abbrev   00000c88	000000c0 ../../LIBBSP_gen/LIBBSP_GPIO/lib/LIBBSP_GPIO.a[LIBBSP_GPIO_Write.o]

		.debug_abbrev   00000d48	0000005e ../../LIBBSP_gen/LIBBSP_GPIO/lib/LIBBSP_GPIO.a[LIBBSP_GPIO_Globals.o]

		.debug_abbrev   00000da6	00000097 ../../LIBBSP_gen/LIBBSP_PLDCMP/lib/LIBBSP_PLDCMP.a[LIBBSP_PLDCMP_WriteFailDisc.o]

		.debug_abbrev   00000e3d	0000005e ../../LIBBSP_gen/LIBBSP_PLDCMP/lib/LIBBSP_PLDCMP.a[LIBBSP_PLDCMP_Globals.o]

		.debug_abbrev   00000e9b	000000af ../../LIBBSP_gen/LIBBSP_SHM/lib/LIBBSP_SHM.a[LIBBSP_SHM_SetMode.o]

		.debug_abbrev   00000f4a	0000005e ../../LIBBSP_gen/LIBBSP_SHM/lib/LIBBSP_SHM.a[LIBBSP_SHM_Globals.o]

		.debug_abbrev   00000fa8	000000c1 ../../LIBBSP_gen/LIBBSP_SPI/lib/LIBBSP_SPI.a[LIBBSP_SPI_Close.o]

		.debug_abbrev   00001069	000000f3 ../../LIBBSP_gen/LIBBSP_SPI/lib/LIBBSP_SPI.a[LIBBSP_SPI_Exchange.o]

		.debug_abbrev   0000115c	000000f3 ../../LIBBSP_gen/LIBBSP_SPI/lib/LIBBSP_SPI.a[LIBBSP_SPI_Open.o]

		.debug_abbrev   0000124f	000000f3 ../../LIBBSP_gen/LIBBSP_SPI/lib/LIBBSP_SPI.a[LIBBSP_SPI_ReceiveData.o]

		.debug_abbrev   00001342	000000d5 ../../LIBBSP_gen/LIBBSP_SPI/lib/LIBBSP_SPI.a[LIBBSP_SPI_WaitEndOfCom.o]

		.debug_abbrev   00001417	00000088 ../../LIBBSP_gen/LIBBSP_SPI/lib/LIBBSP_SPI.a[LIBBSP_SPI_Globals.o]

		.debug_abbrev   0000149f	000000f3 ../../LIBBSP_gen/LIBBSP_SPI/lib/LIBBSP_SPI.a[LIBBSP_SPI_Copy_In_FIFO.o]

		.debug_abbrev   00001592	000000ad ../../LIBUTI_gen/SHA/lib/SHA.a[LIBUTI_SHA_Wrapper.o]

		.debug_abbrev   0000163f	0000009e ../../LIBUTI_gen/SHA/lib/SHA.a[LIBUTI_SHA_Computation.o]

		.debug_abbrev   000016dd	000000c7 ../../LIBUTI_gen/SHA/lib/SHA.a[LIBUTI_SHA_Transform.o]

		.debug_abbrev   000017a4	00000091 ../../LIBUTI_gen/MEM/lib/MEM.a[LIBUTI_MEM.o]

		.debug_abbrev   00001835	0000003a ../../LIBUTI_gen/COMMON/lib/COMMON.a[LIBUTI_CMN_WaitUntilPowerDown.o]


.debug_frame    		00000000	0000081c
		.debug_frame    00000000	00000014 ../../BOOT_gen/RAMBOOT/RAMBOOT_Common/lib/RAMBOOT_Common.a[RAMBOOT_PostTCBHW_Main.o]
		    __local_cie 00000000	00000000

		.debug_frame    00000014	0000001c ../../BOOT_gen/RAMBOOT/RAMBOOT_Common/lib/RAMBOOT_Common.a[RAMBOOT_PostTCBHW_Main.o]

		.debug_frame    00000030	00000014 ../../BOOT_gen/RAMBOOT/RAMBOOT_Common/lib/RAMBOOT_Common.a[RAMBOOT_FailMode.o]
		    __local_cie 00000030	00000000

		.debug_frame    00000044	0000001c ../../BOOT_gen/RAMBOOT/RAMBOOT_Common/lib/RAMBOOT_Common.a[RAMBOOT_FailMode.o]

		.debug_frame    00000060	00000014 ../../BOOT_gen/RAMBOOT/RAMBOOT_Common/lib/RAMBOOT_Common.a[RAMBOOT_ConfigureELBC.o]
		    __local_cie 00000060	00000000

		.debug_frame    00000074	00000018 ../../BOOT_gen/RAMBOOT/RAMBOOT_Common/lib/RAMBOOT_Common.a[RAMBOOT_ConfigureELBC.o]

		.debug_frame    0000008c	00000014 ../../BOOT_gen/RAMBOOT/RAMBOOT_CopyAndBootBoot_CBB/lib/RAMBOOT_CopyAndBootBoot_CBB.a[RAMBOOT_CopyAndBootBoot.o]
		    __local_cie 0000008c	00000000

		.debug_frame    000000a0	00000028 ../../BOOT_gen/RAMBOOT/RAMBOOT_CopyAndBootBoot_CBB/lib/RAMBOOT_CopyAndBootBoot_CBB.a[RAMBOOT_CopyAndBootBoot.o]

		.debug_frame    000000c8	00000014 ../../BOOT_gen/RAMBOOT/RAMBOOT_Common/lib/RAMBOOT_Common.a[RAMBOOT_JumpToAddress.o]
		    __local_cie 000000c8	00000000

		.debug_frame    000000dc	00000018 ../../BOOT_gen/RAMBOOT/RAMBOOT_Common/lib/RAMBOOT_Common.a[RAMBOOT_JumpToAddress.o]

		.debug_frame    000000f4	00000014 ../../BOOT_gen/RAMBOOT/RAMBOOT_Common/lib/RAMBOOT_Common.a[RAMBOOT_RamBootEndMarker.o]
		    __local_cie 000000f4	00000000

		.debug_frame    00000108	00000014 ../../BOOT_gen/RAMBOOT/RAMBOOT_TestSelfIntegrity_TSI/lib/RAMBOOT_TestSelfIntegrity_TSI.a[RAMBOOT_TestSelfIntegrity.o]
		    __local_cie 00000108	00000000

		.debug_frame    0000011c	00000028 ../../BOOT_gen/RAMBOOT/RAMBOOT_TestSelfIntegrity_TSI/lib/RAMBOOT_TestSelfIntegrity_TSI.a[RAMBOOT_TestSelfIntegrity.o]

		.debug_frame    00000144	00000014 ../../LIBBSP_gen/LIBBSP_FNOR/lib/LIBBSP_FNOR.a[LIBBSP_FNOR_Open.o]
		    __local_cie 00000144	00000000

		.debug_frame    00000158	00000028 ../../LIBBSP_gen/LIBBSP_FNOR/lib/LIBBSP_FNOR.a[LIBBSP_FNOR_Open.o]

		.debug_frame    00000180	00000014 ../../LIBBSP_gen/LIBBSP_FNOR/lib/LIBBSP_FNOR.a[LIBBSP_FNOR_FastRead.o]
		    __local_cie 00000180	00000000

		.debug_frame    00000194	0000001c ../../LIBBSP_gen/LIBBSP_FNOR/lib/LIBBSP_FNOR.a[LIBBSP_FNOR_FastRead.o]

		.debug_frame    000001b0	00000014 ../../LIBBSP_gen/LIBBSP_FNOR/lib/LIBBSP_FNOR.a[LIBBSP_FNOR_ReadPage.o]
		    __local_cie 000001b0	00000000

		.debug_frame    000001c4	00000034 ../../LIBBSP_gen/LIBBSP_FNOR/lib/LIBBSP_FNOR.a[LIBBSP_FNOR_ReadPage.o]

		.debug_frame    000001f8	00000014 ../../LIBBSP_gen/LIBBSP_FNOR/lib/LIBBSP_FNOR.a[LIBBSP_FNOR_Close.o]
		    __local_cie 000001f8	00000000

		.debug_frame    0000020c	0000001c ../../LIBBSP_gen/LIBBSP_FNOR/lib/LIBBSP_FNOR.a[LIBBSP_FNOR_Close.o]

		.debug_frame    00000228	00000014 ../../LIBBSP_gen/LIBBSP_FNOR/lib/LIBBSP_FNOR.a[LIBBSP_FNOR_Globals.o]
		    __local_cie 00000228	00000000

		.debug_frame    0000023c	00000014 ../../LIBBSP_gen/LIBBSP_FNOR/lib/LIBBSP_FNOR.a[LIBBSP_FNOR_ReadPageSeg.o]
		    __local_cie 0000023c	00000000

		.debug_frame    00000250	00000044 ../../LIBBSP_gen/LIBBSP_FNOR/lib/LIBBSP_FNOR.a[LIBBSP_FNOR_ReadPageSeg.o]

		.debug_frame    00000294	00000014 ../../LIBBSP_gen/LIBBSP_FNOR/lib/LIBBSP_FNOR.a[LIBBSP_FNOR_ReadEnable.o]
		    __local_cie 00000294	00000000

		.debug_frame    000002a8	00000028 ../../LIBBSP_gen/LIBBSP_FNOR/lib/LIBBSP_FNOR.a[LIBBSP_FNOR_ReadEnable.o]

		.debug_frame    000002d0	00000014 ../../LIBBSP_gen/LIBBSP_FNOR/lib/LIBBSP_FNOR.a[LIBBSP_FNOR_ReadCheckAvailability.o]
		    __local_cie 000002d0	00000000

		.debug_frame    000002e4	00000034 ../../LIBBSP_gen/LIBBSP_FNOR/lib/LIBBSP_FNOR.a[LIBBSP_FNOR_ReadCheckAvailability.o]

		.debug_frame    00000318	00000014 ../../LIBBSP_gen/LIBBSP_FNOR/lib/LIBBSP_FNOR.a[LIBBSP_FNOR_Exit4B.o]
		    __local_cie 00000318	00000000

		.debug_frame    0000032c	0000001c ../../LIBBSP_gen/LIBBSP_FNOR/lib/LIBBSP_FNOR.a[LIBBSP_FNOR_Exit4B.o]

		.debug_frame    00000348	00000014 ../../LIBBSP_gen/LIBBSP_FNOR/lib/LIBBSP_FNOR.a[LIBBSP_FNOR_EnableWrite.o]
		    __local_cie 00000348	00000000

		.debug_frame    0000035c	0000001c ../../LIBBSP_gen/LIBBSP_FNOR/lib/LIBBSP_FNOR.a[LIBBSP_FNOR_EnableWrite.o]

		.debug_frame    00000378	00000014 ../../LIBBSP_gen/LIBBSP_FNOR/lib/LIBBSP_FNOR.a[LIBBSP_FNOR_Enter4B.o]
		    __local_cie 00000378	00000000

		.debug_frame    0000038c	0000001c ../../LIBBSP_gen/LIBBSP_FNOR/lib/LIBBSP_FNOR.a[LIBBSP_FNOR_Enter4B.o]

		.debug_frame    000003a8	00000014 ../../LIBBSP_gen/LIBBSP_FNOR/lib/LIBBSP_FNOR.a[LIBBSP_FNOR_PrepareCommand.o]
		    __local_cie 000003a8	00000000

		.debug_frame    000003bc	00000010 ../../LIBBSP_gen/LIBBSP_FNOR/lib/LIBBSP_FNOR.a[LIBBSP_FNOR_PrepareCommand.o]

		.debug_frame    000003cc	00000014 ../../LIBBSP_gen/LIBBSP_CMN/lib/LIBBSP_CMN.a[LIBBSP_CMN_IsElapsed.o]
		    __local_cie 000003cc	00000000

		.debug_frame    000003e0	0000002c ../../LIBBSP_gen/LIBBSP_CMN/lib/LIBBSP_CMN.a[LIBBSP_CMN_IsElapsed.o]

		.debug_frame    0000040c	00000014 ../../LIBBSP_gen/LIBBSP_CMN/lib/LIBBSP_CMN.a[LIBBSP_CMN_CheckElapsedTime.o]
		    __local_cie 0000040c	00000000

		.debug_frame    00000420	00000010 ../../LIBBSP_gen/LIBBSP_CMN/lib/LIBBSP_CMN.a[LIBBSP_CMN_CheckElapsedTime.o]

		.debug_frame    00000430	00000014 ../../LIBBSP_gen/LIBBSP_CMN/lib/LIBBSP_CMN.a[LIBBSP_CMN_Globals.o]
		    __local_cie 00000430	00000000

		.debug_frame    00000444	00000014 ../../LIBBSP_gen/LIBBSP_CMN/lib/LIBBSP_CMN.a[LIBBSP_CMN_GetTicks.o]
		    __local_cie 00000444	00000000

		.debug_frame    00000458	00000010 ../../LIBBSP_gen/LIBBSP_CMN/lib/LIBBSP_CMN.a[LIBBSP_CMN_GetTicks.o]

		.debug_frame    00000468	00000014 ../../LIBBSP_gen/LIBBSP_GPIO/lib/LIBBSP_GPIO.a[LIBBSP_GPIO_Configure.o]
		    __local_cie 00000468	00000000

		.debug_frame    0000047c	00000010 ../../LIBBSP_gen/LIBBSP_GPIO/lib/LIBBSP_GPIO.a[LIBBSP_GPIO_Configure.o]

		.debug_frame    0000048c	00000014 ../../LIBBSP_gen/LIBBSP_GPIO/lib/LIBBSP_GPIO.a[LIBBSP_GPIO_Write.o]
		    __local_cie 0000048c	00000000

		.debug_frame    000004a0	00000010 ../../LIBBSP_gen/LIBBSP_GPIO/lib/LIBBSP_GPIO.a[LIBBSP_GPIO_Write.o]

		.debug_frame    000004b0	00000014 ../../LIBBSP_gen/LIBBSP_GPIO/lib/LIBBSP_GPIO.a[LIBBSP_GPIO_Globals.o]
		    __local_cie 000004b0	00000000

		.debug_frame    000004c4	00000014 ../../LIBBSP_gen/LIBBSP_PLDCMP/lib/LIBBSP_PLDCMP.a[LIBBSP_PLDCMP_WriteFailDisc.o]
		    __local_cie 000004c4	00000000

		.debug_frame    000004d8	00000010 ../../LIBBSP_gen/LIBBSP_PLDCMP/lib/LIBBSP_PLDCMP.a[LIBBSP_PLDCMP_WriteFailDisc.o]

		.debug_frame    000004e8	00000014 ../../LIBBSP_gen/LIBBSP_PLDCMP/lib/LIBBSP_PLDCMP.a[LIBBSP_PLDCMP_Globals.o]
		    __local_cie 000004e8	00000000

		.debug_frame    000004fc	00000014 ../../LIBBSP_gen/LIBBSP_SHM/lib/LIBBSP_SHM.a[LIBBSP_SHM_SetMode.o]
		    __local_cie 000004fc	00000000

		.debug_frame    00000510	00000010 ../../LIBBSP_gen/LIBBSP_SHM/lib/LIBBSP_SHM.a[LIBBSP_SHM_SetMode.o]

		.debug_frame    00000520	00000014 ../../LIBBSP_gen/LIBBSP_SHM/lib/LIBBSP_SHM.a[LIBBSP_SHM_Globals.o]
		    __local_cie 00000520	00000000

		.debug_frame    00000534	00000014 ../../LIBBSP_gen/LIBBSP_SPI/lib/LIBBSP_SPI.a[LIBBSP_SPI_Close.o]
		    __local_cie 00000534	00000000

		.debug_frame    00000548	00000018 ../../LIBBSP_gen/LIBBSP_SPI/lib/LIBBSP_SPI.a[LIBBSP_SPI_Close.o]

		.debug_frame    00000560	00000014 ../../LIBBSP_gen/LIBBSP_SPI/lib/LIBBSP_SPI.a[LIBBSP_SPI_Exchange.o]
		    __local_cie 00000560	00000000

		.debug_frame    00000574	00000038 ../../LIBBSP_gen/LIBBSP_SPI/lib/LIBBSP_SPI.a[LIBBSP_SPI_Exchange.o]

		.debug_frame    000005ac	00000014 ../../LIBBSP_gen/LIBBSP_SPI/lib/LIBBSP_SPI.a[LIBBSP_SPI_Open.o]
		    __local_cie 000005ac	00000000

		.debug_frame    000005c0	00000018 ../../LIBBSP_gen/LIBBSP_SPI/lib/LIBBSP_SPI.a[LIBBSP_SPI_Open.o]

		.debug_frame    000005d8	00000014 ../../LIBBSP_gen/LIBBSP_SPI/lib/LIBBSP_SPI.a[LIBBSP_SPI_ReceiveData.o]
		    __local_cie 000005d8	00000000

		.debug_frame    000005ec	0000002c ../../LIBBSP_gen/LIBBSP_SPI/lib/LIBBSP_SPI.a[LIBBSP_SPI_ReceiveData.o]

		.debug_frame    00000618	00000014 ../../LIBBSP_gen/LIBBSP_SPI/lib/LIBBSP_SPI.a[LIBBSP_SPI_WaitEndOfCom.o]
		    __local_cie 00000618	00000000

		.debug_frame    0000062c	00000028 ../../LIBBSP_gen/LIBBSP_SPI/lib/LIBBSP_SPI.a[LIBBSP_SPI_WaitEndOfCom.o]

		.debug_frame    00000654	00000014 ../../LIBBSP_gen/LIBBSP_SPI/lib/LIBBSP_SPI.a[LIBBSP_SPI_Globals.o]
		    __local_cie 00000654	00000000

		.debug_frame    00000668	00000014 ../../LIBBSP_gen/LIBBSP_SPI/lib/LIBBSP_SPI.a[LIBBSP_SPI_Copy_In_FIFO.o]
		    __local_cie 00000668	00000000

		.debug_frame    0000067c	0000002c ../../LIBBSP_gen/LIBBSP_SPI/lib/LIBBSP_SPI.a[LIBBSP_SPI_Copy_In_FIFO.o]

		.debug_frame    000006a8	00000014 ../../LIBUTI_gen/SHA/lib/SHA.a[LIBUTI_SHA_Wrapper.o]
		    __local_cie 000006a8	00000000

		.debug_frame    000006bc	00000030 ../../LIBUTI_gen/SHA/lib/SHA.a[LIBUTI_SHA_Wrapper.o]

		.debug_frame    000006ec	00000014 ../../LIBUTI_gen/SHA/lib/SHA.a[LIBUTI_SHA_Computation.o]
		    __local_cie 000006ec	00000000

		.debug_frame    00000700	00000010 ../../LIBUTI_gen/SHA/lib/SHA.a[LIBUTI_SHA_Computation.o]

		.debug_frame    00000710	00000030 ../../LIBUTI_gen/SHA/lib/SHA.a[LIBUTI_SHA_Computation.o]

		.debug_frame    00000740	0000002c ../../LIBUTI_gen/SHA/lib/SHA.a[LIBUTI_SHA_Computation.o]

		.debug_frame    0000076c	00000014 ../../LIBUTI_gen/SHA/lib/SHA.a[LIBUTI_SHA_Transform.o]
		    __local_cie 0000076c	00000000

		.debug_frame    00000780	00000044 ../../LIBUTI_gen/SHA/lib/SHA.a[LIBUTI_SHA_Transform.o]

		.debug_frame    000007c4	00000014 ../../LIBUTI_gen/MEM/lib/MEM.a[LIBUTI_MEM.o]
		    __local_cie 000007c4	00000000

		.debug_frame    000007d8	00000010 ../../LIBUTI_gen/MEM/lib/MEM.a[LIBUTI_MEM.o]

		.debug_frame    000007e8	00000010 ../../LIBUTI_gen/MEM/lib/MEM.a[LIBUTI_MEM.o]

		.debug_frame    000007f8	00000014 ../../LIBUTI_gen/COMMON/lib/COMMON.a[LIBUTI_CMN_WaitUntilPowerDown.o]
		    __local_cie 000007f8	00000000

		.debug_frame    0000080c	00000010 ../../LIBUTI_gen/COMMON/lib/COMMON.a[LIBUTI_CMN_WaitUntilPowerDown.o]


.debug_loc      		00000000	00000d09
		.debug_loc      00000000	00000026 ../../BOOT_gen/RAMBOOT/RAMBOOT_Common/lib/RAMBOOT_Common.a[RAMBOOT_ConfigureELBC.o]

		.debug_loc      00000026	00000078 ../../BOOT_gen/RAMBOOT/RAMBOOT_CopyAndBootBoot_CBB/lib/RAMBOOT_CopyAndBootBoot_CBB.a[RAMBOOT_CopyAndBootBoot.o]

		.debug_loc      0000009e	00000044 ../../BOOT_gen/RAMBOOT/RAMBOOT_TestSelfIntegrity_TSI/lib/RAMBOOT_TestSelfIntegrity_TSI.a[RAMBOOT_TestSelfIntegrity.o]

		.debug_loc      000000e2	00000070 ../../LIBBSP_gen/LIBBSP_FNOR/lib/LIBBSP_FNOR.a[LIBBSP_FNOR_Open.o]

		.debug_loc      00000152	0000002e ../../LIBBSP_gen/LIBBSP_FNOR/lib/LIBBSP_FNOR.a[LIBBSP_FNOR_FastRead.o]

		.debug_loc      00000180	00000096 ../../LIBBSP_gen/LIBBSP_FNOR/lib/LIBBSP_FNOR.a[LIBBSP_FNOR_ReadPage.o]

		.debug_loc      00000216	00000129 ../../LIBBSP_gen/LIBBSP_FNOR/lib/LIBBSP_FNOR.a[LIBBSP_FNOR_ReadPageSeg.o]

		.debug_loc      0000033f	0000005a ../../LIBBSP_gen/LIBBSP_FNOR/lib/LIBBSP_FNOR.a[LIBBSP_FNOR_ReadEnable.o]

		.debug_loc      00000399	0000005a ../../LIBBSP_gen/LIBBSP_FNOR/lib/LIBBSP_FNOR.a[LIBBSP_FNOR_ReadCheckAvailability.o]

		.debug_loc      000003f3	00000008 ../../LIBBSP_gen/LIBBSP_FNOR/lib/LIBBSP_FNOR.a[LIBBSP_FNOR_Exit4B.o]

		.debug_loc      000003fb	00000008 ../../LIBBSP_gen/LIBBSP_FNOR/lib/LIBBSP_FNOR.a[LIBBSP_FNOR_EnableWrite.o]

		.debug_loc      00000403	00000008 ../../LIBBSP_gen/LIBBSP_FNOR/lib/LIBBSP_FNOR.a[LIBBSP_FNOR_Enter4B.o]

		.debug_loc      0000040b	00000031 ../../LIBBSP_gen/LIBBSP_FNOR/lib/LIBBSP_FNOR.a[LIBBSP_FNOR_PrepareCommand.o]

		.debug_loc      0000043c	0000008b ../../LIBBSP_gen/LIBBSP_CMN/lib/LIBBSP_CMN.a[LIBBSP_CMN_IsElapsed.o]

		.debug_loc      000004c7	00000065 ../../LIBBSP_gen/LIBBSP_CMN/lib/LIBBSP_CMN.a[LIBBSP_CMN_CheckElapsedTime.o]

		.debug_loc      0000052c	0000006d ../../LIBBSP_gen/LIBBSP_GPIO/lib/LIBBSP_GPIO.a[LIBBSP_GPIO_Write.o]

		.debug_loc      00000599	0000001e ../../LIBBSP_gen/LIBBSP_PLDCMP/lib/LIBBSP_PLDCMP.a[LIBBSP_PLDCMP_WriteFailDisc.o]

		.debug_loc      000005b7	00000026 ../../LIBBSP_gen/LIBBSP_SHM/lib/LIBBSP_SHM.a[LIBBSP_SHM_SetMode.o]

		.debug_loc      000005dd	00000171 ../../LIBBSP_gen/LIBBSP_SPI/lib/LIBBSP_SPI.a[LIBBSP_SPI_Exchange.o]

		.debug_loc      0000074e	0000005a ../../LIBBSP_gen/LIBBSP_SPI/lib/LIBBSP_SPI.a[LIBBSP_SPI_Open.o]

		.debug_loc      000007a8	00000096 ../../LIBBSP_gen/LIBBSP_SPI/lib/LIBBSP_SPI.a[LIBBSP_SPI_ReceiveData.o]

		.debug_loc      0000083e	00000083 ../../LIBBSP_gen/LIBBSP_SPI/lib/LIBBSP_SPI.a[LIBBSP_SPI_Copy_In_FIFO.o]

		.debug_loc      000008c1	00000080 ../../LIBUTI_gen/SHA/lib/SHA.a[LIBUTI_SHA_Wrapper.o]

		.debug_loc      00000941	000000e5 ../../LIBUTI_gen/SHA/lib/SHA.a[LIBUTI_SHA_Computation.o]

		.debug_loc      00000a26	00000222 ../../LIBUTI_gen/SHA/lib/SHA.a[LIBUTI_SHA_Transform.o]

		.debug_loc      00000c48	000000c1 ../../LIBUTI_gen/MEM/lib/MEM.a[LIBUTI_MEM.o]


Link editor command file symbols
                    _SDA2_BASE_ 20011e64
                     _SDA_BASE_ 2001a000
                        __start 20010010
                      __SP_INIT 2001d000
                       __SP_END 2001b000

                                Cross Reference Table

Symbol                          Output          Input           Referenced
                                Section         Section         (* - Defined)

C_CMN_MAX_TIME                  .sdata2 	.rodata 	* LIBBSP_CMN_Globals.o(../../LIBBSP_gen/LIBBSP_CMN/lib/LIBBSP_CMN.a)
                                                                  LIBBSP_CMN_CheckElapsedTime.o(../../LIBBSP_gen/LIBBSP_CMN/lib/LIBBSP_CMN.a)
C_FNOR_CFSR                     .sdata2 	.rodata 	* LIBBSP_FNOR_Globals.o(../../LIBBSP_gen/LIBBSP_FNOR/lib/LIBBSP_FNOR.a)
C_FNOR_CHAR_LENGTH              .sdata2 	.rodata 	* LIBBSP_FNOR_Globals.o(../../LIBBSP_gen/LIBBSP_FNOR/lib/LIBBSP_FNOR.a)
                                                                  LIBBSP_FNOR_Open.o(../../LIBBSP_gen/LIBBSP_FNOR/lib/LIBBSP_FNOR.a)
C_FNOR_CS_CLOCK_GAP             .sdata2 	.rodata 	* LIBBSP_FNOR_Globals.o(../../LIBBSP_gen/LIBBSP_FNOR/lib/LIBBSP_FNOR.a)
                                                                  LIBBSP_FNOR_Open.o(../../LIBBSP_gen/LIBBSP_FNOR/lib/LIBBSP_FNOR.a)
C_FNOR_ENTER4B                  .sdata2 	.rodata 	  LIBBSP_FNOR_Enter4B.o(../../LIBBSP_gen/LIBBSP_FNOR/lib/LIBBSP_FNOR.a)
                                                                  LIBBSP_FNOR_Exit4B.o(../../LIBBSP_gen/LIBBSP_FNOR/lib/LIBBSP_FNOR.a)
                                                                * LIBBSP_FNOR_Globals.o(../../LIBBSP_gen/LIBBSP_FNOR/lib/LIBBSP_FNOR.a)
C_FNOR_MASK_FIRST_LSB_BYTE      .sdata2 	.rodata 	  LIBBSP_FNOR_PrepareCommand.o(../../LIBBSP_gen/LIBBSP_FNOR/lib/LIBBSP_FNOR.a)
                                                                * LIBBSP_FNOR_Globals.o(../../LIBBSP_gen/LIBBSP_FNOR/lib/LIBBSP_FNOR.a)
C_FNOR_MASK_FIRST_MSB_BYTE      .sdata2 	.rodata 	  LIBBSP_FNOR_PrepareCommand.o(../../LIBBSP_gen/LIBBSP_FNOR/lib/LIBBSP_FNOR.a)
                                                                * LIBBSP_FNOR_Globals.o(../../LIBBSP_gen/LIBBSP_FNOR/lib/LIBBSP_FNOR.a)
C_FNOR_MASK_SECOND_LSB_BYTE     .sdata2 	.rodata 	  LIBBSP_FNOR_PrepareCommand.o(../../LIBBSP_gen/LIBBSP_FNOR/lib/LIBBSP_FNOR.a)
                                                                * LIBBSP_FNOR_Globals.o(../../LIBBSP_gen/LIBBSP_FNOR/lib/LIBBSP_FNOR.a)
C_FNOR_MASK_SECOND_MSB_BYTE     .sdata2 	.rodata 	  LIBBSP_FNOR_PrepareCommand.o(../../LIBBSP_gen/LIBBSP_FNOR/lib/LIBBSP_FNOR.a)
                                                                * LIBBSP_FNOR_Globals.o(../../LIBBSP_gen/LIBBSP_FNOR/lib/LIBBSP_FNOR.a)
C_FNOR_SHIFT_16_BITS            .sdata2 	.rodata 	  LIBBSP_FNOR_PrepareCommand.o(../../LIBBSP_gen/LIBBSP_FNOR/lib/LIBBSP_FNOR.a)
                                                                * LIBBSP_FNOR_Globals.o(../../LIBBSP_gen/LIBBSP_FNOR/lib/LIBBSP_FNOR.a)
C_FNOR_SHIFT_24_BITS            .sdata2 	.rodata 	  LIBBSP_FNOR_PrepareCommand.o(../../LIBBSP_gen/LIBBSP_FNOR/lib/LIBBSP_FNOR.a)
                                                                * LIBBSP_FNOR_Globals.o(../../LIBBSP_gen/LIBBSP_FNOR/lib/LIBBSP_FNOR.a)
C_FNOR_SHIFT_8_BITS             .sdata2 	.rodata 	  LIBBSP_FNOR_PrepareCommand.o(../../LIBBSP_gen/LIBBSP_FNOR/lib/LIBBSP_FNOR.a)
                                                                * LIBBSP_FNOR_Globals.o(../../LIBBSP_gen/LIBBSP_FNOR/lib/LIBBSP_FNOR.a)
C_FNOR_TIMEOUT                  .sdata2 	.rodata 	* LIBBSP_FNOR_Globals.o(../../LIBBSP_gen/LIBBSP_FNOR/lib/LIBBSP_FNOR.a)
C_FNOR_WREN                     .sdata2 	.rodata 	  LIBBSP_FNOR_EnableWrite.o(../../LIBBSP_gen/LIBBSP_FNOR/lib/LIBBSP_FNOR.a)
                                                                * LIBBSP_FNOR_Globals.o(../../LIBBSP_gen/LIBBSP_FNOR/lib/LIBBSP_FNOR.a)
C_GPIO_GPDIR                    .sdata2 	.rodata 	* LIBBSP_GPIO_Globals.o(../../LIBBSP_gen/LIBBSP_GPIO/lib/LIBBSP_GPIO.a)
                                                                  LIBBSP_GPIO_Configure.o(../../LIBBSP_gen/LIBBSP_GPIO/lib/LIBBSP_GPIO.a)
C_GPIO_GPIER                    .sdata2 	.rodata 	* LIBBSP_GPIO_Globals.o(../../LIBBSP_gen/LIBBSP_GPIO/lib/LIBBSP_GPIO.a)
                                                                  LIBBSP_GPIO_Configure.o(../../LIBBSP_gen/LIBBSP_GPIO/lib/LIBBSP_GPIO.a)
C_GPIO_MASK                     .sdata2 	.rodata 	* LIBBSP_GPIO_Globals.o(../../LIBBSP_gen/LIBBSP_GPIO/lib/LIBBSP_GPIO.a)
                                                                  LIBBSP_GPIO_Write.o(../../LIBBSP_gen/LIBBSP_GPIO/lib/LIBBSP_GPIO.a)
C_RAMBOOT_CODE_END_MARKER       .sdata2 	.RAMBOOT_CODE_END	  RAMBOOT_TestSelfIntegrity.o(../../BOOT_gen/RAMBOOT/RAMBOOT_TestSelfIntegrity_TSI/lib/RAMBOOT_TestSelfIntegrity_TSI.a)
                                                                * RAMBOOT_RamBootEndMarker.o(../../BOOT_gen/RAMBOOT/RAMBOOT_Common/lib/RAMBOOT_Common.a)
                                                                  RAMBOOT_CopyAndBootBoot.o(../../BOOT_gen/RAMBOOT/RAMBOOT_CopyAndBootBoot_CBB/lib/RAMBOOT_CopyAndBootBoot_CBB.a)
IVOR_Handler                    .intvec 	.VectorTable	  RAMBOOT_TestAndConfigureBasicHW.o(../../BOOT_gen/RAMBOOT/RAMBOOT_TestAndConfigureBasicHW_TCBHW/lib/RAMBOOT_TestAndConfigureBasicHW_TCBHW.a)
                                                                * RAMBOOT_VectorTable.o(../../BOOT_gen/RAMBOOT/RAMBOOT_Common/lib/RAMBOOT_Common.a)
LBCR                            .sdata2 	.rodata 	* RAMBOOT_ConfigureELBC.o(../../BOOT_gen/RAMBOOT/RAMBOOT_Common/lib/RAMBOOT_Common.a)
LCRR                            .sdata2 	.rodata 	* RAMBOOT_ConfigureELBC.o(../../BOOT_gen/RAMBOOT/RAMBOOT_Common/lib/RAMBOOT_Common.a)
LIBBSP_CMN_CheckElapsedTime     .text   	.text   	* LIBBSP_CMN_CheckElapsedTime.o(../../LIBBSP_gen/LIBBSP_CMN/lib/LIBBSP_CMN.a)
                                                                  LIBBSP_CMN_IsElapsed.o(../../LIBBSP_gen/LIBBSP_CMN/lib/LIBBSP_CMN.a)
LIBBSP_CMN_GetTicks             .text   	.text   	* LIBBSP_CMN_GetTicks.o(../../LIBBSP_gen/LIBBSP_CMN/lib/LIBBSP_CMN.a)
                                                                  LIBBSP_CMN_IsElapsed.o(../../LIBBSP_gen/LIBBSP_CMN/lib/LIBBSP_CMN.a)
LIBBSP_CMN_isElapsed            .text   	.text   	  LIBBSP_SPI_Copy_In_FIFO.o(../../LIBBSP_gen/LIBBSP_SPI/lib/LIBBSP_SPI.a)
                                                                  LIBBSP_SPI_WaitEndOfCom.o(../../LIBBSP_gen/LIBBSP_SPI/lib/LIBBSP_SPI.a)
                                                                  LIBBSP_SPI_ReceiveData.o(../../LIBBSP_gen/LIBBSP_SPI/lib/LIBBSP_SPI.a)
                                                                * LIBBSP_CMN_IsElapsed.o(../../LIBBSP_gen/LIBBSP_CMN/lib/LIBBSP_CMN.a)
                                                                  LIBBSP_FNOR_ReadCheckAvailability.o(../../LIBBSP_gen/LIBBSP_FNOR/lib/LIBBSP_FNOR.a)
LIBBSP_FNOR_Close               .text   	.text   	* LIBBSP_FNOR_Close.o(../../LIBBSP_gen/LIBBSP_FNOR/lib/LIBBSP_FNOR.a)
                                                                  RAMBOOT_CopyAndBootBoot.o(../../BOOT_gen/RAMBOOT/RAMBOOT_CopyAndBootBoot_CBB/lib/RAMBOOT_CopyAndBootBoot_CBB.a)
LIBBSP_FNOR_EnableWrite         .text   	.text   	* LIBBSP_FNOR_EnableWrite.o(../../LIBBSP_gen/LIBBSP_FNOR/lib/LIBBSP_FNOR.a)
                                                                  LIBBSP_FNOR_ReadEnable.o(../../LIBBSP_gen/LIBBSP_FNOR/lib/LIBBSP_FNOR.a)
                                                                  LIBBSP_FNOR_ReadPage.o(../../LIBBSP_gen/LIBBSP_FNOR/lib/LIBBSP_FNOR.a)
LIBBSP_FNOR_Enter4B             .text   	.text   	* LIBBSP_FNOR_Enter4B.o(../../LIBBSP_gen/LIBBSP_FNOR/lib/LIBBSP_FNOR.a)
                                                                  LIBBSP_FNOR_ReadPage.o(../../LIBBSP_gen/LIBBSP_FNOR/lib/LIBBSP_FNOR.a)
LIBBSP_FNOR_Exit4B              .text   	.text   	* LIBBSP_FNOR_Exit4B.o(../../LIBBSP_gen/LIBBSP_FNOR/lib/LIBBSP_FNOR.a)
                                                                  LIBBSP_FNOR_ReadEnable.o(../../LIBBSP_gen/LIBBSP_FNOR/lib/LIBBSP_FNOR.a)
                                                                  LIBBSP_FNOR_ReadPage.o(../../LIBBSP_gen/LIBBSP_FNOR/lib/LIBBSP_FNOR.a)
LIBBSP_FNOR_FastRead            .text   	.text   	* LIBBSP_FNOR_FastRead.o(../../LIBBSP_gen/LIBBSP_FNOR/lib/LIBBSP_FNOR.a)
                                                                  RAMBOOT_CopyAndBootBoot.o(../../BOOT_gen/RAMBOOT/RAMBOOT_CopyAndBootBoot_CBB/lib/RAMBOOT_CopyAndBootBoot_CBB.a)
LIBBSP_FNOR_Open                .text   	.text   	* LIBBSP_FNOR_Open.o(../../LIBBSP_gen/LIBBSP_FNOR/lib/LIBBSP_FNOR.a)
                                                                  RAMBOOT_CopyAndBootBoot.o(../../BOOT_gen/RAMBOOT/RAMBOOT_CopyAndBootBoot_CBB/lib/RAMBOOT_CopyAndBootBoot_CBB.a)
LIBBSP_FNOR_PrepareCommand      .text   	.text   	* LIBBSP_FNOR_PrepareCommand.o(../../LIBBSP_gen/LIBBSP_FNOR/lib/LIBBSP_FNOR.a)
                                                                  LIBBSP_FNOR_ReadPageSeg.o(../../LIBBSP_gen/LIBBSP_FNOR/lib/LIBBSP_FNOR.a)
LIBBSP_FNOR_ReadCheckAvailability .text   	.text   	* LIBBSP_FNOR_ReadCheckAvailability.o(../../LIBBSP_gen/LIBBSP_FNOR/lib/LIBBSP_FNOR.a)
                                                                  LIBBSP_FNOR_ReadPage.o(../../LIBBSP_gen/LIBBSP_FNOR/lib/LIBBSP_FNOR.a)
LIBBSP_FNOR_ReadEnable          .text   	.text   	* LIBBSP_FNOR_ReadEnable.o(../../LIBBSP_gen/LIBBSP_FNOR/lib/LIBBSP_FNOR.a)
                                                                  LIBBSP_FNOR_ReadPage.o(../../LIBBSP_gen/LIBBSP_FNOR/lib/LIBBSP_FNOR.a)
LIBBSP_FNOR_ReadPage            .text   	.text   	* LIBBSP_FNOR_ReadPage.o(../../LIBBSP_gen/LIBBSP_FNOR/lib/LIBBSP_FNOR.a)
                                                                  LIBBSP_FNOR_FastRead.o(../../LIBBSP_gen/LIBBSP_FNOR/lib/LIBBSP_FNOR.a)
LIBBSP_FNOR_ReadPageSeg         .text   	.text   	* LIBBSP_FNOR_ReadPageSeg.o(../../LIBBSP_gen/LIBBSP_FNOR/lib/LIBBSP_FNOR.a)
                                                                  LIBBSP_FNOR_ReadPage.o(../../LIBBSP_gen/LIBBSP_FNOR/lib/LIBBSP_FNOR.a)
LIBBSP_GPIO_Configure           .text   	.text   	* LIBBSP_GPIO_Configure.o(../../LIBBSP_gen/LIBBSP_GPIO/lib/LIBBSP_GPIO.a)
                                                                  RAMBOOT_FailMode.o(../../BOOT_gen/RAMBOOT/RAMBOOT_Common/lib/RAMBOOT_Common.a)
LIBBSP_GPIO_Write               .text   	.text   	* LIBBSP_GPIO_Write.o(../../LIBBSP_gen/LIBBSP_GPIO/lib/LIBBSP_GPIO.a)
                                                                  RAMBOOT_FailMode.o(../../BOOT_gen/RAMBOOT/RAMBOOT_Common/lib/RAMBOOT_Common.a)
LIBBSP_PLDCMP_WriteFailDisc     .text   	.text   	* LIBBSP_PLDCMP_WriteFailDisc.o(../../LIBBSP_gen/LIBBSP_PLDCMP/lib/LIBBSP_PLDCMP.a)
                                                                  RAMBOOT_FailMode.o(../../BOOT_gen/RAMBOOT/RAMBOOT_Common/lib/RAMBOOT_Common.a)
LIBBSP_SHM_SetMode              .text   	.text   	* LIBBSP_SHM_SetMode.o(../../LIBBSP_gen/LIBBSP_SHM/lib/LIBBSP_SHM.a)
                                                                  RAMBOOT_FailMode.o(../../BOOT_gen/RAMBOOT/RAMBOOT_Common/lib/RAMBOOT_Common.a)
LIBBSP_SPI_Close                .text   	.text   	* LIBBSP_SPI_Close.o(../../LIBBSP_gen/LIBBSP_SPI/lib/LIBBSP_SPI.a)
                                                                  LIBBSP_FNOR_Close.o(../../LIBBSP_gen/LIBBSP_FNOR/lib/LIBBSP_FNOR.a)
                                                                  LIBBSP_FNOR_Open.o(../../LIBBSP_gen/LIBBSP_FNOR/lib/LIBBSP_FNOR.a)
LIBBSP_SPI_Copy_In_FIFO         .text   	.text   	* LIBBSP_SPI_Copy_In_FIFO.o(../../LIBBSP_gen/LIBBSP_SPI/lib/LIBBSP_SPI.a)
                                                                  LIBBSP_SPI_Exchange.o(../../LIBBSP_gen/LIBBSP_SPI/lib/LIBBSP_SPI.a)
LIBBSP_SPI_Exchange             .text   	.text   	* LIBBSP_SPI_Exchange.o(../../LIBBSP_gen/LIBBSP_SPI/lib/LIBBSP_SPI.a)
                                                                  LIBBSP_FNOR_Enter4B.o(../../LIBBSP_gen/LIBBSP_FNOR/lib/LIBBSP_FNOR.a)
                                                                  LIBBSP_FNOR_EnableWrite.o(../../LIBBSP_gen/LIBBSP_FNOR/lib/LIBBSP_FNOR.a)
                                                                  LIBBSP_FNOR_Exit4B.o(../../LIBBSP_gen/LIBBSP_FNOR/lib/LIBBSP_FNOR.a)
                                                                  LIBBSP_FNOR_ReadCheckAvailability.o(../../LIBBSP_gen/LIBBSP_FNOR/lib/LIBBSP_FNOR.a)
                                                                  LIBBSP_FNOR_ReadPageSeg.o(../../LIBBSP_gen/LIBBSP_FNOR/lib/LIBBSP_FNOR.a)
LIBBSP_SPI_Open                 .text   	.text   	* LIBBSP_SPI_Open.o(../../LIBBSP_gen/LIBBSP_SPI/lib/LIBBSP_SPI.a)
                                                                  LIBBSP_FNOR_Open.o(../../LIBBSP_gen/LIBBSP_FNOR/lib/LIBBSP_FNOR.a)
LIBBSP_SPI_ReceiveData          .text   	.text   	* LIBBSP_SPI_ReceiveData.o(../../LIBBSP_gen/LIBBSP_SPI/lib/LIBBSP_SPI.a)
                                                                  LIBBSP_SPI_Exchange.o(../../LIBBSP_gen/LIBBSP_SPI/lib/LIBBSP_SPI.a)
LIBBSP_SPI_WaitEndOfCom         .text   	.text   	* LIBBSP_SPI_WaitEndOfCom.o(../../LIBBSP_gen/LIBBSP_SPI/lib/LIBBSP_SPI.a)
                                                                  LIBBSP_SPI_Exchange.o(../../LIBBSP_gen/LIBBSP_SPI/lib/LIBBSP_SPI.a)
LIBUTI_CMN_WaitUntilPowerDown   .text   	.text   	* LIBUTI_CMN_WaitUntilPowerDown.o(../../LIBUTI_gen/COMMON/lib/COMMON.a)
                                                                  RAMBOOT_FailMode.o(../../BOOT_gen/RAMBOOT/RAMBOOT_Common/lib/RAMBOOT_Common.a)
LIBUTI_MEM_MemSet               .text   	.text   	* LIBUTI_MEM.o(../../LIBUTI_gen/MEM/lib/MEM.a)
                                                                  LIBUTI_SHA_Computation.o(../../LIBUTI_gen/SHA/lib/SHA.a)
LIBUTI_MEM_MemsNotEqual         .text   	.text   	* LIBUTI_MEM.o(../../LIBUTI_gen/MEM/lib/MEM.a)
                                                                  RAMBOOT_TestSelfIntegrity.o(../../BOOT_gen/RAMBOOT/RAMBOOT_TestSelfIntegrity_TSI/lib/RAMBOOT_TestSelfIntegrity_TSI.a)
                                                                  RAMBOOT_CopyAndBootBoot.o(../../BOOT_gen/RAMBOOT/RAMBOOT_CopyAndBootBoot_CBB/lib/RAMBOOT_CopyAndBootBoot_CBB.a)
LIBUTI_SHA_ComputeSHA256        .text   	.text   	* LIBUTI_SHA_Wrapper.o(../../LIBUTI_gen/SHA/lib/SHA.a)
                                                                  RAMBOOT_TestSelfIntegrity.o(../../BOOT_gen/RAMBOOT/RAMBOOT_TestSelfIntegrity_TSI/lib/RAMBOOT_TestSelfIntegrity_TSI.a)
                                                                  RAMBOOT_CopyAndBootBoot.o(../../BOOT_gen/RAMBOOT/RAMBOOT_CopyAndBootBoot_CBB/lib/RAMBOOT_CopyAndBootBoot_CBB.a)
LIBUTI_SHA_finalSHA256          .text   	.text   	* LIBUTI_SHA_Computation.o(../../LIBUTI_gen/SHA/lib/SHA.a)
                                                                  LIBUTI_SHA_Wrapper.o(../../LIBUTI_gen/SHA/lib/SHA.a)
LIBUTI_SHA_initSHA256           .text   	.text   	* LIBUTI_SHA_Computation.o(../../LIBUTI_gen/SHA/lib/SHA.a)
                                                                  LIBUTI_SHA_Wrapper.o(../../LIBUTI_gen/SHA/lib/SHA.a)
LIBUTI_SHA_updateSHA256         .text   	.text   	* LIBUTI_SHA_Computation.o(../../LIBUTI_gen/SHA/lib/SHA.a)
                                                                  LIBUTI_SHA_Wrapper.o(../../LIBUTI_gen/SHA/lib/SHA.a)
LINEs                           .sdata2 	.rodata 	* RAMBOOT_ConfigureELBC.o(../../BOOT_gen/RAMBOOT/RAMBOOT_Common/lib/RAMBOOT_Common.a)
RAMBOOT_ConfigureELBC           .text   	.text   	* RAMBOOT_ConfigureELBC.o(../../BOOT_gen/RAMBOOT/RAMBOOT_Common/lib/RAMBOOT_Common.a)
                                                                  RAMBOOT_VectorTable.o(../../BOOT_gen/RAMBOOT/RAMBOOT_Common/lib/RAMBOOT_Common.a)
RAMBOOT_CopyAndBootBoot         .text   	.text   	* RAMBOOT_CopyAndBootBoot.o(../../BOOT_gen/RAMBOOT/RAMBOOT_CopyAndBootBoot_CBB/lib/RAMBOOT_CopyAndBootBoot_CBB.a)
                                                                  RAMBOOT_PostTCBHW_Main.o(../../BOOT_gen/RAMBOOT/RAMBOOT_Common/lib/RAMBOOT_Common.a)
RAMBOOT_FailMode                .text   	.text   	  RAMBOOT_TestSelfIntegrity.o(../../BOOT_gen/RAMBOOT/RAMBOOT_TestSelfIntegrity_TSI/lib/RAMBOOT_TestSelfIntegrity_TSI.a)
                                                                  RAMBOOT_CopyAndBootBoot.o(../../BOOT_gen/RAMBOOT/RAMBOOT_CopyAndBootBoot_CBB/lib/RAMBOOT_CopyAndBootBoot_CBB.a)
                                                                * RAMBOOT_FailMode.o(../../BOOT_gen/RAMBOOT/RAMBOOT_Common/lib/RAMBOOT_Common.a)
                                                                  RAMBOOT_VectorTable.o(../../BOOT_gen/RAMBOOT/RAMBOOT_Common/lib/RAMBOOT_Common.a)
RAMBOOT_JumpToAddress           .text   	.text   	* RAMBOOT_JumpToAddress.o(../../BOOT_gen/RAMBOOT/RAMBOOT_Common/lib/RAMBOOT_Common.a)
                                                                  RAMBOOT_CopyAndBootBoot.o(../../BOOT_gen/RAMBOOT/RAMBOOT_CopyAndBootBoot_CBB/lib/RAMBOOT_CopyAndBootBoot_CBB.a)
RAMBOOT_PostTCBHW_Main          .text   	.text   	* RAMBOOT_PostTCBHW_Main.o(../../BOOT_gen/RAMBOOT/RAMBOOT_Common/lib/RAMBOOT_Common.a)
                                                                  RAMBOOT_VectorTable.o(../../BOOT_gen/RAMBOOT/RAMBOOT_Common/lib/RAMBOOT_Common.a)
RAMBOOT_TestAndConfigureBasicHW .text   	.text   	* RAMBOOT_TestAndConfigureBasicHW.o(../../BOOT_gen/RAMBOOT/RAMBOOT_TestAndConfigureBasicHW_TCBHW/lib/RAMBOOT_TestAndConfigureBasicHW_TCBHW.a)
                                                                  RAMBOOT_VectorTable.o(../../BOOT_gen/RAMBOOT/RAMBOOT_Common/lib/RAMBOOT_Common.a)
RAMBOOT_TestSelfIntegrity       .text   	.text   	* RAMBOOT_TestSelfIntegrity.o(../../BOOT_gen/RAMBOOT/RAMBOOT_TestSelfIntegrity_TSI/lib/RAMBOOT_TestSelfIntegrity_TSI.a)
                                                                  RAMBOOT_PostTCBHW_Main.o(../../BOOT_gen/RAMBOOT/RAMBOOT_Common/lib/RAMBOOT_Common.a)
SHA_sha256_transform            .text   	.text   	* LIBUTI_SHA_Transform.o(../../LIBUTI_gen/SHA/lib/SHA.a)
                                                                  LIBUTI_SHA_Computation.o(../../LIBUTI_gen/SHA/lib/SHA.a)
VECT_Reset                      .text   	.Reset  	* RAMBOOT_VectorTable.o(../../BOOT_gen/RAMBOOT/RAMBOOT_Common/lib/RAMBOOT_Common.a)
V_FNOR_WriteBuffer              .bss    	.bss    	  LIBBSP_FNOR_PrepareCommand.o(../../LIBBSP_gen/LIBBSP_FNOR/lib/LIBBSP_FNOR.a)
                                                                  LIBBSP_FNOR_ReadCheckAvailability.o(../../LIBBSP_gen/LIBBSP_FNOR/lib/LIBBSP_FNOR.a)
                                                                  LIBBSP_FNOR_ReadPageSeg.o(../../LIBBSP_gen/LIBBSP_FNOR/lib/LIBBSP_FNOR.a)
                                                                * LIBBSP_FNOR_Globals.o(../../LIBBSP_gen/LIBBSP_FNOR/lib/LIBBSP_FNOR.a)
V_GPIOReg                       .sdata2 	.rodata 	* LIBBSP_GPIO_Globals.o(../../LIBBSP_gen/LIBBSP_GPIO/lib/LIBBSP_GPIO.a)
                                                                  LIBBSP_GPIO_Write.o(../../LIBBSP_gen/LIBBSP_GPIO/lib/LIBBSP_GPIO.a)
                                                                  LIBBSP_GPIO_Configure.o(../../LIBBSP_gen/LIBBSP_GPIO/lib/LIBBSP_GPIO.a)
V_PldCmpRegs                    .sdata2 	.rodata 	* LIBBSP_PLDCMP_Globals.o(../../LIBBSP_gen/LIBBSP_PLDCMP/lib/LIBBSP_PLDCMP.a)
                                                                  LIBBSP_PLDCMP_WriteFailDisc.o(../../LIBBSP_gen/LIBBSP_PLDCMP/lib/LIBBSP_PLDCMP.a)
V_SHMRegs                       .sdata2 	.rodata 	* LIBBSP_SHM_Globals.o(../../LIBBSP_gen/LIBBSP_SHM/lib/LIBBSP_SHM.a)
                                                                  LIBBSP_SHM_SetMode.o(../../LIBBSP_gen/LIBBSP_SHM/lib/LIBBSP_SHM.a)
V_SPI_Regs                      .sdata2 	.rodata 	  LIBBSP_SPI_Copy_In_FIFO.o(../../LIBBSP_gen/LIBBSP_SPI/lib/LIBBSP_SPI.a)
                                                                * LIBBSP_SPI_Globals.o(../../LIBBSP_gen/LIBBSP_SPI/lib/LIBBSP_SPI.a)
                                                                  LIBBSP_SPI_WaitEndOfCom.o(../../LIBBSP_gen/LIBBSP_SPI/lib/LIBBSP_SPI.a)
                                                                  LIBBSP_SPI_ReceiveData.o(../../LIBBSP_gen/LIBBSP_SPI/lib/LIBBSP_SPI.a)
                                                                  LIBBSP_SPI_Open.o(../../LIBBSP_gen/LIBBSP_SPI/lib/LIBBSP_SPI.a)
                                                                  LIBBSP_SPI_Exchange.o(../../LIBBSP_gen/LIBBSP_SPI/lib/LIBBSP_SPI.a)
                                                                  LIBBSP_SPI_Close.o(../../LIBBSP_gen/LIBBSP_SPI/lib/LIBBSP_SPI.a)
_SDA2_BASE_                     [absolute]	        	  RAMBOOT_TestAndConfigureBasicHW.o(../../BOOT_gen/RAMBOOT/RAMBOOT_TestAndConfigureBasicHW_TCBHW/lib/RAMBOOT_TestAndConfigureBasicHW_TCBHW.a)
                                                                * RAMBOOT.dld
_SDA_BASE_                      [absolute]	        	  RAMBOOT_TestAndConfigureBasicHW.o(../../BOOT_gen/RAMBOOT/RAMBOOT_TestAndConfigureBasicHW_TCBHW/lib/RAMBOOT_TestAndConfigureBasicHW_TCBHW.a)
                                                                * RAMBOOT.dld
__SP_END                        [absolute]	        	* RAMBOOT.dld
__SP_INIT                       [absolute]	        	  RAMBOOT_TestAndConfigureBasicHW.o(../../BOOT_gen/RAMBOOT/RAMBOOT_TestAndConfigureBasicHW_TCBHW/lib/RAMBOOT_TestAndConfigureBasicHW_TCBHW.a)
                                                                * RAMBOOT.dld
__start                         [absolute]	        	* RAMBOOT.dld
k                               .sdata2 	.rodata 	* LIBUTI_SHA_Transform.o(../../LIBUTI_gen/SHA/lib/SHA.a)
